ARM GAS  C:\Users\jonar\AppData\Local\Temp\ccuOLmqy.s 			page 1


   1              		.cpu cortex-m3
   2              		.arch armv7-m
   3              		.fpu softvfp
   4              		.eabi_attribute 20, 1
   5              		.eabi_attribute 21, 1
   6              		.eabi_attribute 23, 3
   7              		.eabi_attribute 24, 1
   8              		.eabi_attribute 25, 1
   9              		.eabi_attribute 26, 1
  10              		.eabi_attribute 30, 1
  11              		.eabi_attribute 34, 1
  12              		.eabi_attribute 18, 4
  13              		.file	"stm32f1xx_it.c"
  14              		.text
  15              	.Ltext0:
  16              		.cfi_sections	.debug_frame
  17              		.file 1 "Core/Src/stm32f1xx_it.c"
  18              		.section	.text.NMI_Handler,"ax",%progbits
  19              		.align	1
  20              		.global	NMI_Handler
  21              		.syntax unified
  22              		.thumb
  23              		.thumb_func
  25              	NMI_Handler:
  26              	.LFB65:
   1:Core/Src/stm32f1xx_it.c **** /* USER CODE BEGIN Header */
   2:Core/Src/stm32f1xx_it.c **** /**
   3:Core/Src/stm32f1xx_it.c ****   ******************************************************************************
   4:Core/Src/stm32f1xx_it.c ****   * @file    stm32f1xx_it.c
   5:Core/Src/stm32f1xx_it.c ****   * @brief   Interrupt Service Routines.
   6:Core/Src/stm32f1xx_it.c ****   ******************************************************************************
   7:Core/Src/stm32f1xx_it.c ****   * @attention
   8:Core/Src/stm32f1xx_it.c ****   *
   9:Core/Src/stm32f1xx_it.c ****   * Copyright (c) 2026 STMicroelectronics.
  10:Core/Src/stm32f1xx_it.c ****   * All rights reserved.
  11:Core/Src/stm32f1xx_it.c ****   *
  12:Core/Src/stm32f1xx_it.c ****   * This software is licensed under terms that can be found in the LICENSE file
  13:Core/Src/stm32f1xx_it.c ****   * in the root directory of this software component.
  14:Core/Src/stm32f1xx_it.c ****   * If no LICENSE file comes with this software, it is provided AS-IS.
  15:Core/Src/stm32f1xx_it.c ****   *
  16:Core/Src/stm32f1xx_it.c ****   ******************************************************************************
  17:Core/Src/stm32f1xx_it.c ****   */
  18:Core/Src/stm32f1xx_it.c **** /* USER CODE END Header */
  19:Core/Src/stm32f1xx_it.c **** 
  20:Core/Src/stm32f1xx_it.c **** /* Includes ------------------------------------------------------------------*/
  21:Core/Src/stm32f1xx_it.c **** #include "main.h"
  22:Core/Src/stm32f1xx_it.c **** #include "stm32f1xx_it.h"
  23:Core/Src/stm32f1xx_it.c **** /* Private includes ----------------------------------------------------------*/
  24:Core/Src/stm32f1xx_it.c **** /* USER CODE BEGIN Includes */
  25:Core/Src/stm32f1xx_it.c **** /* USER CODE END Includes */
  26:Core/Src/stm32f1xx_it.c **** 
  27:Core/Src/stm32f1xx_it.c **** /* Private typedef -----------------------------------------------------------*/
  28:Core/Src/stm32f1xx_it.c **** /* USER CODE BEGIN TD */
  29:Core/Src/stm32f1xx_it.c **** 
  30:Core/Src/stm32f1xx_it.c **** /* USER CODE END TD */
  31:Core/Src/stm32f1xx_it.c **** 
  32:Core/Src/stm32f1xx_it.c **** /* Private define ------------------------------------------------------------*/
ARM GAS  C:\Users\jonar\AppData\Local\Temp\ccuOLmqy.s 			page 2


  33:Core/Src/stm32f1xx_it.c **** /* USER CODE BEGIN PD */
  34:Core/Src/stm32f1xx_it.c **** 
  35:Core/Src/stm32f1xx_it.c **** /* USER CODE END PD */
  36:Core/Src/stm32f1xx_it.c **** 
  37:Core/Src/stm32f1xx_it.c **** /* Private macro -------------------------------------------------------------*/
  38:Core/Src/stm32f1xx_it.c **** /* USER CODE BEGIN PM */
  39:Core/Src/stm32f1xx_it.c **** 
  40:Core/Src/stm32f1xx_it.c **** /* USER CODE END PM */
  41:Core/Src/stm32f1xx_it.c **** 
  42:Core/Src/stm32f1xx_it.c **** /* Private variables ---------------------------------------------------------*/
  43:Core/Src/stm32f1xx_it.c **** /* USER CODE BEGIN PV */
  44:Core/Src/stm32f1xx_it.c **** 
  45:Core/Src/stm32f1xx_it.c **** /* USER CODE END PV */
  46:Core/Src/stm32f1xx_it.c **** 
  47:Core/Src/stm32f1xx_it.c **** /* Private function prototypes -----------------------------------------------*/
  48:Core/Src/stm32f1xx_it.c **** /* USER CODE BEGIN PFP */
  49:Core/Src/stm32f1xx_it.c **** 
  50:Core/Src/stm32f1xx_it.c **** /* USER CODE END PFP */
  51:Core/Src/stm32f1xx_it.c **** 
  52:Core/Src/stm32f1xx_it.c **** /* Private user code ---------------------------------------------------------*/
  53:Core/Src/stm32f1xx_it.c **** /* USER CODE BEGIN 0 */
  54:Core/Src/stm32f1xx_it.c **** 
  55:Core/Src/stm32f1xx_it.c **** /* USER CODE END 0 */
  56:Core/Src/stm32f1xx_it.c **** 
  57:Core/Src/stm32f1xx_it.c **** /* External variables --------------------------------------------------------*/
  58:Core/Src/stm32f1xx_it.c **** extern PCD_HandleTypeDef hpcd_USB_FS;
  59:Core/Src/stm32f1xx_it.c **** /* USER CODE BEGIN EV */
  60:Core/Src/stm32f1xx_it.c **** 
  61:Core/Src/stm32f1xx_it.c **** /* USER CODE END EV */
  62:Core/Src/stm32f1xx_it.c **** 
  63:Core/Src/stm32f1xx_it.c **** /******************************************************************************/
  64:Core/Src/stm32f1xx_it.c **** /*           Cortex-M3 Processor Interruption and Exception Handlers          */
  65:Core/Src/stm32f1xx_it.c **** /******************************************************************************/
  66:Core/Src/stm32f1xx_it.c **** /**
  67:Core/Src/stm32f1xx_it.c ****   * @brief This function handles Non maskable interrupt.
  68:Core/Src/stm32f1xx_it.c ****   */
  69:Core/Src/stm32f1xx_it.c **** void NMI_Handler(void)
  70:Core/Src/stm32f1xx_it.c **** {
  27              		.loc 1 70 1 view -0
  28              		.cfi_startproc
  29              		@ Volatile: function does not return.
  30              		@ args = 0, pretend = 0, frame = 0
  31              		@ frame_needed = 0, uses_anonymous_args = 0
  32 0000 08B5     		push	{r3, lr}
  33              	.LCFI0:
  34              		.cfi_def_cfa_offset 8
  35              		.cfi_offset 3, -8
  36              		.cfi_offset 14, -4
  71:Core/Src/stm32f1xx_it.c ****   /* USER CODE BEGIN NonMaskableInt_IRQn 0 */
  72:Core/Src/stm32f1xx_it.c **** 
  73:Core/Src/stm32f1xx_it.c ****   /* USER CODE END NonMaskableInt_IRQn 0 */
  74:Core/Src/stm32f1xx_it.c ****   HAL_RCC_NMI_IRQHandler();
  37              		.loc 1 74 3 view .LVU1
  38 0002 FFF7FEFF 		bl	HAL_RCC_NMI_IRQHandler
  39              	.LVL0:
  40              	.L2:
  75:Core/Src/stm32f1xx_it.c ****   /* USER CODE BEGIN NonMaskableInt_IRQn 1 */
ARM GAS  C:\Users\jonar\AppData\Local\Temp\ccuOLmqy.s 			page 3


  76:Core/Src/stm32f1xx_it.c ****    while (1)
  41              		.loc 1 76 4 view .LVU2
  77:Core/Src/stm32f1xx_it.c ****   {
  78:Core/Src/stm32f1xx_it.c ****   }
  42              		.loc 1 78 3 view .LVU3
  76:Core/Src/stm32f1xx_it.c ****   {
  43              		.loc 1 76 10 view .LVU4
  44 0006 FEE7     		b	.L2
  45              		.cfi_endproc
  46              	.LFE65:
  48              		.section	.text.HardFault_Handler,"ax",%progbits
  49              		.align	1
  50              		.global	HardFault_Handler
  51              		.syntax unified
  52              		.thumb
  53              		.thumb_func
  55              	HardFault_Handler:
  56              	.LFB66:
  79:Core/Src/stm32f1xx_it.c ****   /* USER CODE END NonMaskableInt_IRQn 1 */
  80:Core/Src/stm32f1xx_it.c **** }
  81:Core/Src/stm32f1xx_it.c **** 
  82:Core/Src/stm32f1xx_it.c **** /**
  83:Core/Src/stm32f1xx_it.c ****   * @brief This function handles Hard fault interrupt.
  84:Core/Src/stm32f1xx_it.c ****   */
  85:Core/Src/stm32f1xx_it.c **** void HardFault_Handler(void)
  86:Core/Src/stm32f1xx_it.c **** {
  57              		.loc 1 86 1 view -0
  58              		.cfi_startproc
  59              		@ Volatile: function does not return.
  60              		@ args = 0, pretend = 0, frame = 0
  61              		@ frame_needed = 0, uses_anonymous_args = 0
  62              		@ link register save eliminated.
  63              	.L5:
  87:Core/Src/stm32f1xx_it.c ****   /* USER CODE BEGIN HardFault_IRQn 0 */
  88:Core/Src/stm32f1xx_it.c **** 
  89:Core/Src/stm32f1xx_it.c ****   /* USER CODE END HardFault_IRQn 0 */
  90:Core/Src/stm32f1xx_it.c ****   while (1)
  64              		.loc 1 90 3 view .LVU6
  91:Core/Src/stm32f1xx_it.c ****   {
  92:Core/Src/stm32f1xx_it.c ****     /* USER CODE BEGIN W1_HardFault_IRQn 0 */
  93:Core/Src/stm32f1xx_it.c ****     /* USER CODE END W1_HardFault_IRQn 0 */
  94:Core/Src/stm32f1xx_it.c ****   }
  65              		.loc 1 94 3 view .LVU7
  90:Core/Src/stm32f1xx_it.c ****   {
  66              		.loc 1 90 9 view .LVU8
  67 0000 FEE7     		b	.L5
  68              		.cfi_endproc
  69              	.LFE66:
  71              		.section	.text.MemManage_Handler,"ax",%progbits
  72              		.align	1
  73              		.global	MemManage_Handler
  74              		.syntax unified
  75              		.thumb
  76              		.thumb_func
  78              	MemManage_Handler:
  79              	.LFB67:
  95:Core/Src/stm32f1xx_it.c **** }
ARM GAS  C:\Users\jonar\AppData\Local\Temp\ccuOLmqy.s 			page 4


  96:Core/Src/stm32f1xx_it.c **** 
  97:Core/Src/stm32f1xx_it.c **** /**
  98:Core/Src/stm32f1xx_it.c ****   * @brief This function handles Memory management fault.
  99:Core/Src/stm32f1xx_it.c ****   */
 100:Core/Src/stm32f1xx_it.c **** void MemManage_Handler(void)
 101:Core/Src/stm32f1xx_it.c **** {
  80              		.loc 1 101 1 view -0
  81              		.cfi_startproc
  82              		@ Volatile: function does not return.
  83              		@ args = 0, pretend = 0, frame = 0
  84              		@ frame_needed = 0, uses_anonymous_args = 0
  85              		@ link register save eliminated.
  86              	.L7:
 102:Core/Src/stm32f1xx_it.c ****   /* USER CODE BEGIN MemoryManagement_IRQn 0 */
 103:Core/Src/stm32f1xx_it.c **** 
 104:Core/Src/stm32f1xx_it.c ****   /* USER CODE END MemoryManagement_IRQn 0 */
 105:Core/Src/stm32f1xx_it.c ****   while (1)
  87              		.loc 1 105 3 view .LVU10
 106:Core/Src/stm32f1xx_it.c ****   {
 107:Core/Src/stm32f1xx_it.c ****     /* USER CODE BEGIN W1_MemoryManagement_IRQn 0 */
 108:Core/Src/stm32f1xx_it.c ****     /* USER CODE END W1_MemoryManagement_IRQn 0 */
 109:Core/Src/stm32f1xx_it.c ****   }
  88              		.loc 1 109 3 view .LVU11
 105:Core/Src/stm32f1xx_it.c ****   {
  89              		.loc 1 105 9 view .LVU12
  90 0000 FEE7     		b	.L7
  91              		.cfi_endproc
  92              	.LFE67:
  94              		.section	.text.BusFault_Handler,"ax",%progbits
  95              		.align	1
  96              		.global	BusFault_Handler
  97              		.syntax unified
  98              		.thumb
  99              		.thumb_func
 101              	BusFault_Handler:
 102              	.LFB68:
 110:Core/Src/stm32f1xx_it.c **** }
 111:Core/Src/stm32f1xx_it.c **** 
 112:Core/Src/stm32f1xx_it.c **** /**
 113:Core/Src/stm32f1xx_it.c ****   * @brief This function handles Prefetch fault, memory access fault.
 114:Core/Src/stm32f1xx_it.c ****   */
 115:Core/Src/stm32f1xx_it.c **** void BusFault_Handler(void)
 116:Core/Src/stm32f1xx_it.c **** {
 103              		.loc 1 116 1 view -0
 104              		.cfi_startproc
 105              		@ Volatile: function does not return.
 106              		@ args = 0, pretend = 0, frame = 0
 107              		@ frame_needed = 0, uses_anonymous_args = 0
 108              		@ link register save eliminated.
 109              	.L9:
 117:Core/Src/stm32f1xx_it.c ****   /* USER CODE BEGIN BusFault_IRQn 0 */
 118:Core/Src/stm32f1xx_it.c **** 
 119:Core/Src/stm32f1xx_it.c ****   /* USER CODE END BusFault_IRQn 0 */
 120:Core/Src/stm32f1xx_it.c ****   while (1)
 110              		.loc 1 120 3 view .LVU14
 121:Core/Src/stm32f1xx_it.c ****   {
 122:Core/Src/stm32f1xx_it.c ****     /* USER CODE BEGIN W1_BusFault_IRQn 0 */
ARM GAS  C:\Users\jonar\AppData\Local\Temp\ccuOLmqy.s 			page 5


 123:Core/Src/stm32f1xx_it.c ****     /* USER CODE END W1_BusFault_IRQn 0 */
 124:Core/Src/stm32f1xx_it.c ****   }
 111              		.loc 1 124 3 view .LVU15
 120:Core/Src/stm32f1xx_it.c ****   {
 112              		.loc 1 120 9 view .LVU16
 113 0000 FEE7     		b	.L9
 114              		.cfi_endproc
 115              	.LFE68:
 117              		.section	.text.UsageFault_Handler,"ax",%progbits
 118              		.align	1
 119              		.global	UsageFault_Handler
 120              		.syntax unified
 121              		.thumb
 122              		.thumb_func
 124              	UsageFault_Handler:
 125              	.LFB69:
 125:Core/Src/stm32f1xx_it.c **** }
 126:Core/Src/stm32f1xx_it.c **** 
 127:Core/Src/stm32f1xx_it.c **** /**
 128:Core/Src/stm32f1xx_it.c ****   * @brief This function handles Undefined instruction or illegal state.
 129:Core/Src/stm32f1xx_it.c ****   */
 130:Core/Src/stm32f1xx_it.c **** void UsageFault_Handler(void)
 131:Core/Src/stm32f1xx_it.c **** {
 126              		.loc 1 131 1 view -0
 127              		.cfi_startproc
 128              		@ Volatile: function does not return.
 129              		@ args = 0, pretend = 0, frame = 0
 130              		@ frame_needed = 0, uses_anonymous_args = 0
 131              		@ link register save eliminated.
 132              	.L11:
 132:Core/Src/stm32f1xx_it.c ****   /* USER CODE BEGIN UsageFault_IRQn 0 */
 133:Core/Src/stm32f1xx_it.c **** 
 134:Core/Src/stm32f1xx_it.c ****   /* USER CODE END UsageFault_IRQn 0 */
 135:Core/Src/stm32f1xx_it.c ****   while (1)
 133              		.loc 1 135 3 view .LVU18
 136:Core/Src/stm32f1xx_it.c ****   {
 137:Core/Src/stm32f1xx_it.c ****     /* USER CODE BEGIN W1_UsageFault_IRQn 0 */
 138:Core/Src/stm32f1xx_it.c ****     /* USER CODE END W1_UsageFault_IRQn 0 */
 139:Core/Src/stm32f1xx_it.c ****   }
 134              		.loc 1 139 3 view .LVU19
 135:Core/Src/stm32f1xx_it.c ****   {
 135              		.loc 1 135 9 view .LVU20
 136 0000 FEE7     		b	.L11
 137              		.cfi_endproc
 138              	.LFE69:
 140              		.section	.text.SVC_Handler,"ax",%progbits
 141              		.align	1
 142              		.global	SVC_Handler
 143              		.syntax unified
 144              		.thumb
 145              		.thumb_func
 147              	SVC_Handler:
 148              	.LFB70:
 140:Core/Src/stm32f1xx_it.c **** }
 141:Core/Src/stm32f1xx_it.c **** 
 142:Core/Src/stm32f1xx_it.c **** /**
 143:Core/Src/stm32f1xx_it.c ****   * @brief This function handles System service call via SWI instruction.
ARM GAS  C:\Users\jonar\AppData\Local\Temp\ccuOLmqy.s 			page 6


 144:Core/Src/stm32f1xx_it.c ****   */
 145:Core/Src/stm32f1xx_it.c **** void SVC_Handler(void)
 146:Core/Src/stm32f1xx_it.c **** {
 149              		.loc 1 146 1 view -0
 150              		.cfi_startproc
 151              		@ args = 0, pretend = 0, frame = 0
 152              		@ frame_needed = 0, uses_anonymous_args = 0
 153              		@ link register save eliminated.
 147:Core/Src/stm32f1xx_it.c ****   /* USER CODE BEGIN SVCall_IRQn 0 */
 148:Core/Src/stm32f1xx_it.c **** 
 149:Core/Src/stm32f1xx_it.c ****   /* USER CODE END SVCall_IRQn 0 */
 150:Core/Src/stm32f1xx_it.c ****   /* USER CODE BEGIN SVCall_IRQn 1 */
 151:Core/Src/stm32f1xx_it.c **** 
 152:Core/Src/stm32f1xx_it.c ****   /* USER CODE END SVCall_IRQn 1 */
 153:Core/Src/stm32f1xx_it.c **** }
 154              		.loc 1 153 1 view .LVU22
 155 0000 7047     		bx	lr
 156              		.cfi_endproc
 157              	.LFE70:
 159              		.section	.text.DebugMon_Handler,"ax",%progbits
 160              		.align	1
 161              		.global	DebugMon_Handler
 162              		.syntax unified
 163              		.thumb
 164              		.thumb_func
 166              	DebugMon_Handler:
 167              	.LFB71:
 154:Core/Src/stm32f1xx_it.c **** 
 155:Core/Src/stm32f1xx_it.c **** /**
 156:Core/Src/stm32f1xx_it.c ****   * @brief This function handles Debug monitor.
 157:Core/Src/stm32f1xx_it.c ****   */
 158:Core/Src/stm32f1xx_it.c **** void DebugMon_Handler(void)
 159:Core/Src/stm32f1xx_it.c **** {
 168              		.loc 1 159 1 view -0
 169              		.cfi_startproc
 170              		@ args = 0, pretend = 0, frame = 0
 171              		@ frame_needed = 0, uses_anonymous_args = 0
 172              		@ link register save eliminated.
 160:Core/Src/stm32f1xx_it.c ****   /* USER CODE BEGIN DebugMonitor_IRQn 0 */
 161:Core/Src/stm32f1xx_it.c **** 
 162:Core/Src/stm32f1xx_it.c ****   /* USER CODE END DebugMonitor_IRQn 0 */
 163:Core/Src/stm32f1xx_it.c ****   /* USER CODE BEGIN DebugMonitor_IRQn 1 */
 164:Core/Src/stm32f1xx_it.c **** 
 165:Core/Src/stm32f1xx_it.c ****   /* USER CODE END DebugMonitor_IRQn 1 */
 166:Core/Src/stm32f1xx_it.c **** }
 173              		.loc 1 166 1 view .LVU24
 174 0000 7047     		bx	lr
 175              		.cfi_endproc
 176              	.LFE71:
 178              		.section	.text.PendSV_Handler,"ax",%progbits
 179              		.align	1
 180              		.global	PendSV_Handler
 181              		.syntax unified
 182              		.thumb
 183              		.thumb_func
 185              	PendSV_Handler:
 186              	.LFB72:
ARM GAS  C:\Users\jonar\AppData\Local\Temp\ccuOLmqy.s 			page 7


 167:Core/Src/stm32f1xx_it.c **** 
 168:Core/Src/stm32f1xx_it.c **** /**
 169:Core/Src/stm32f1xx_it.c ****   * @brief This function handles Pendable request for system service.
 170:Core/Src/stm32f1xx_it.c ****   */
 171:Core/Src/stm32f1xx_it.c **** void PendSV_Handler(void)
 172:Core/Src/stm32f1xx_it.c **** {
 187              		.loc 1 172 1 view -0
 188              		.cfi_startproc
 189              		@ args = 0, pretend = 0, frame = 0
 190              		@ frame_needed = 0, uses_anonymous_args = 0
 191              		@ link register save eliminated.
 173:Core/Src/stm32f1xx_it.c ****   /* USER CODE BEGIN PendSV_IRQn 0 */
 174:Core/Src/stm32f1xx_it.c **** 
 175:Core/Src/stm32f1xx_it.c ****   /* USER CODE END PendSV_IRQn 0 */
 176:Core/Src/stm32f1xx_it.c ****   /* USER CODE BEGIN PendSV_IRQn 1 */
 177:Core/Src/stm32f1xx_it.c **** 
 178:Core/Src/stm32f1xx_it.c ****   /* USER CODE END PendSV_IRQn 1 */
 179:Core/Src/stm32f1xx_it.c **** }
 192              		.loc 1 179 1 view .LVU26
 193 0000 7047     		bx	lr
 194              		.cfi_endproc
 195              	.LFE72:
 197              		.section	.text.SysTick_Handler,"ax",%progbits
 198              		.align	1
 199              		.global	SysTick_Handler
 200              		.syntax unified
 201              		.thumb
 202              		.thumb_func
 204              	SysTick_Handler:
 205              	.LFB73:
 180:Core/Src/stm32f1xx_it.c **** 
 181:Core/Src/stm32f1xx_it.c **** /**
 182:Core/Src/stm32f1xx_it.c ****   * @brief This function handles System tick timer.
 183:Core/Src/stm32f1xx_it.c ****   */
 184:Core/Src/stm32f1xx_it.c **** void SysTick_Handler(void)
 185:Core/Src/stm32f1xx_it.c **** {
 206              		.loc 1 185 1 view -0
 207              		.cfi_startproc
 208              		@ args = 0, pretend = 0, frame = 0
 209              		@ frame_needed = 0, uses_anonymous_args = 0
 210 0000 08B5     		push	{r3, lr}
 211              	.LCFI1:
 212              		.cfi_def_cfa_offset 8
 213              		.cfi_offset 3, -8
 214              		.cfi_offset 14, -4
 186:Core/Src/stm32f1xx_it.c ****   /* USER CODE BEGIN SysTick_IRQn 0 */
 187:Core/Src/stm32f1xx_it.c **** 
 188:Core/Src/stm32f1xx_it.c ****   /* USER CODE END SysTick_IRQn 0 */
 189:Core/Src/stm32f1xx_it.c ****   HAL_IncTick();
 215              		.loc 1 189 3 view .LVU28
 216 0002 FFF7FEFF 		bl	HAL_IncTick
 217              	.LVL1:
 190:Core/Src/stm32f1xx_it.c ****   /* USER CODE BEGIN SysTick_IRQn 1 */
 191:Core/Src/stm32f1xx_it.c **** 
 192:Core/Src/stm32f1xx_it.c ****   /* USER CODE END SysTick_IRQn 1 */
 193:Core/Src/stm32f1xx_it.c **** }
 218              		.loc 1 193 1 is_stmt 0 view .LVU29
ARM GAS  C:\Users\jonar\AppData\Local\Temp\ccuOLmqy.s 			page 8


 219 0006 08BD     		pop	{r3, pc}
 220              		.cfi_endproc
 221              	.LFE73:
 223              		.section	.text.USB_LP_CAN1_RX0_IRQHandler,"ax",%progbits
 224              		.align	1
 225              		.global	USB_LP_CAN1_RX0_IRQHandler
 226              		.syntax unified
 227              		.thumb
 228              		.thumb_func
 230              	USB_LP_CAN1_RX0_IRQHandler:
 231              	.LFB74:
 194:Core/Src/stm32f1xx_it.c **** 
 195:Core/Src/stm32f1xx_it.c **** /******************************************************************************/
 196:Core/Src/stm32f1xx_it.c **** /* STM32F1xx Peripheral Interrupt Handlers                                    */
 197:Core/Src/stm32f1xx_it.c **** /* Add here the Interrupt Handlers for the used peripherals.                  */
 198:Core/Src/stm32f1xx_it.c **** /* For the available peripheral interrupt handler names,                      */
 199:Core/Src/stm32f1xx_it.c **** /* please refer to the startup file (startup_stm32f1xx.s).                    */
 200:Core/Src/stm32f1xx_it.c **** /******************************************************************************/
 201:Core/Src/stm32f1xx_it.c **** 
 202:Core/Src/stm32f1xx_it.c **** /**
 203:Core/Src/stm32f1xx_it.c ****   * @brief This function handles USB low priority or CAN RX0 interrupts.
 204:Core/Src/stm32f1xx_it.c ****   */
 205:Core/Src/stm32f1xx_it.c **** void USB_LP_CAN1_RX0_IRQHandler(void)
 206:Core/Src/stm32f1xx_it.c **** {
 232              		.loc 1 206 1 is_stmt 1 view -0
 233              		.cfi_startproc
 234              		@ args = 0, pretend = 0, frame = 0
 235              		@ frame_needed = 0, uses_anonymous_args = 0
 236 0000 08B5     		push	{r3, lr}
 237              	.LCFI2:
 238              		.cfi_def_cfa_offset 8
 239              		.cfi_offset 3, -8
 240              		.cfi_offset 14, -4
 207:Core/Src/stm32f1xx_it.c ****   /* USER CODE BEGIN USB_LP_CAN1_RX0_IRQn 0 */
 208:Core/Src/stm32f1xx_it.c **** 
 209:Core/Src/stm32f1xx_it.c ****   /* USER CODE END USB_LP_CAN1_RX0_IRQn 0 */
 210:Core/Src/stm32f1xx_it.c ****   HAL_PCD_IRQHandler(&hpcd_USB_FS);
 241              		.loc 1 210 3 view .LVU31
 242 0002 0248     		ldr	r0, .L19
 243 0004 FFF7FEFF 		bl	HAL_PCD_IRQHandler
 244              	.LVL2:
 211:Core/Src/stm32f1xx_it.c ****   /* USER CODE BEGIN USB_LP_CAN1_RX0_IRQn 1 */
 212:Core/Src/stm32f1xx_it.c **** 
 213:Core/Src/stm32f1xx_it.c ****   /* USER CODE END USB_LP_CAN1_RX0_IRQn 1 */
 214:Core/Src/stm32f1xx_it.c **** }
 245              		.loc 1 214 1 is_stmt 0 view .LVU32
 246 0008 08BD     		pop	{r3, pc}
 247              	.L20:
 248 000a 00BF     		.align	2
 249              	.L19:
 250 000c 00000000 		.word	hpcd_USB_FS
 251              		.cfi_endproc
 252              	.LFE74:
 254              		.text
 255              	.Letext0:
 256              		.file 2 "C:/msys64/mingw64/arm-none-eabi/include/machine/_default_types.h"
 257              		.file 3 "C:/msys64/mingw64/arm-none-eabi/include/sys/_stdint.h"
ARM GAS  C:\Users\jonar\AppData\Local\Temp\ccuOLmqy.s 			page 9


 258              		.file 4 "Drivers/CMSIS/Device/ST/STM32F1xx/Include/stm32f103xb.h"
 259              		.file 5 "Drivers/STM32F1xx_HAL_Driver/Inc/stm32f1xx_hal_def.h"
 260              		.file 6 "Drivers/STM32F1xx_HAL_Driver/Inc/stm32f1xx_ll_usb.h"
 261              		.file 7 "Drivers/STM32F1xx_HAL_Driver/Inc/stm32f1xx_hal_pcd.h"
 262              		.file 8 "Drivers/STM32F1xx_HAL_Driver/Inc/stm32f1xx_hal.h"
 263              		.file 9 "Drivers/STM32F1xx_HAL_Driver/Inc/stm32f1xx_hal_rcc.h"
ARM GAS  C:\Users\jonar\AppData\Local\Temp\ccuOLmqy.s 			page 10


DEFINED SYMBOLS
                            *ABS*:00000000 stm32f1xx_it.c
C:\Users\jonar\AppData\Local\Temp\ccuOLmqy.s:19     .text.NMI_Handler:00000000 $t
C:\Users\jonar\AppData\Local\Temp\ccuOLmqy.s:25     .text.NMI_Handler:00000000 NMI_Handler
C:\Users\jonar\AppData\Local\Temp\ccuOLmqy.s:49     .text.HardFault_Handler:00000000 $t
C:\Users\jonar\AppData\Local\Temp\ccuOLmqy.s:55     .text.HardFault_Handler:00000000 HardFault_Handler
C:\Users\jonar\AppData\Local\Temp\ccuOLmqy.s:72     .text.MemManage_Handler:00000000 $t
C:\Users\jonar\AppData\Local\Temp\ccuOLmqy.s:78     .text.MemManage_Handler:00000000 MemManage_Handler
C:\Users\jonar\AppData\Local\Temp\ccuOLmqy.s:95     .text.BusFault_Handler:00000000 $t
C:\Users\jonar\AppData\Local\Temp\ccuOLmqy.s:101    .text.BusFault_Handler:00000000 BusFault_Handler
C:\Users\jonar\AppData\Local\Temp\ccuOLmqy.s:118    .text.UsageFault_Handler:00000000 $t
C:\Users\jonar\AppData\Local\Temp\ccuOLmqy.s:124    .text.UsageFault_Handler:00000000 UsageFault_Handler
C:\Users\jonar\AppData\Local\Temp\ccuOLmqy.s:141    .text.SVC_Handler:00000000 $t
C:\Users\jonar\AppData\Local\Temp\ccuOLmqy.s:147    .text.SVC_Handler:00000000 SVC_Handler
C:\Users\jonar\AppData\Local\Temp\ccuOLmqy.s:160    .text.DebugMon_Handler:00000000 $t
C:\Users\jonar\AppData\Local\Temp\ccuOLmqy.s:166    .text.DebugMon_Handler:00000000 DebugMon_Handler
C:\Users\jonar\AppData\Local\Temp\ccuOLmqy.s:179    .text.PendSV_Handler:00000000 $t
C:\Users\jonar\AppData\Local\Temp\ccuOLmqy.s:185    .text.PendSV_Handler:00000000 PendSV_Handler
C:\Users\jonar\AppData\Local\Temp\ccuOLmqy.s:198    .text.SysTick_Handler:00000000 $t
C:\Users\jonar\AppData\Local\Temp\ccuOLmqy.s:204    .text.SysTick_Handler:00000000 SysTick_Handler
C:\Users\jonar\AppData\Local\Temp\ccuOLmqy.s:224    .text.USB_LP_CAN1_RX0_IRQHandler:00000000 $t
C:\Users\jonar\AppData\Local\Temp\ccuOLmqy.s:230    .text.USB_LP_CAN1_RX0_IRQHandler:00000000 USB_LP_CAN1_RX0_IRQHandler
C:\Users\jonar\AppData\Local\Temp\ccuOLmqy.s:250    .text.USB_LP_CAN1_RX0_IRQHandler:0000000c $d

UNDEFINED SYMBOLS
HAL_RCC_NMI_IRQHandler
HAL_IncTick
HAL_PCD_IRQHandler
hpcd_USB_FS
