ARM GAS  C:\Users\jonar\AppData\Local\Temp\cct51vJj.s 			page 1


   1              		.cpu cortex-m3
   2              		.arch armv7-m
   3              		.fpu softvfp
   4              		.eabi_attribute 20, 1
   5              		.eabi_attribute 21, 1
   6              		.eabi_attribute 23, 3
   7              		.eabi_attribute 24, 1
   8              		.eabi_attribute 25, 1
   9              		.eabi_attribute 26, 1
  10              		.eabi_attribute 30, 1
  11              		.eabi_attribute 34, 1
  12              		.eabi_attribute 18, 4
  13              		.file	"usbd_desc.c"
  14              		.text
  15              	.Ltext0:
  16              		.cfi_sections	.debug_frame
  17              		.file 1 "USB_DEVICE/App/usbd_desc.c"
  18              		.section	.text.USBD_FS_DeviceDescriptor,"ax",%progbits
  19              		.align	1
  20              		.global	USBD_FS_DeviceDescriptor
  21              		.syntax unified
  22              		.thumb
  23              		.thumb_func
  25              	USBD_FS_DeviceDescriptor:
  26              	.LVL0:
  27              	.LFB68:
   1:USB_DEVICE/App/usbd_desc.c **** /* USER CODE BEGIN Header */
   2:USB_DEVICE/App/usbd_desc.c **** /**
   3:USB_DEVICE/App/usbd_desc.c ****   ******************************************************************************
   4:USB_DEVICE/App/usbd_desc.c ****   * @file           : App/usbd_desc.c
   5:USB_DEVICE/App/usbd_desc.c ****   * @version        : v2.0_Cube
   6:USB_DEVICE/App/usbd_desc.c ****   * @brief          : This file implements the USB device descriptors.
   7:USB_DEVICE/App/usbd_desc.c ****   ******************************************************************************
   8:USB_DEVICE/App/usbd_desc.c ****   * @attention
   9:USB_DEVICE/App/usbd_desc.c ****   *
  10:USB_DEVICE/App/usbd_desc.c ****   * Copyright (c) 2026 STMicroelectronics.
  11:USB_DEVICE/App/usbd_desc.c ****   * All rights reserved.
  12:USB_DEVICE/App/usbd_desc.c ****   *
  13:USB_DEVICE/App/usbd_desc.c ****   * This software is licensed under terms that can be found in the LICENSE file
  14:USB_DEVICE/App/usbd_desc.c ****   * in the root directory of this software component.
  15:USB_DEVICE/App/usbd_desc.c ****   * If no LICENSE file comes with this software, it is provided AS-IS.
  16:USB_DEVICE/App/usbd_desc.c ****   *
  17:USB_DEVICE/App/usbd_desc.c ****   ******************************************************************************
  18:USB_DEVICE/App/usbd_desc.c ****   */
  19:USB_DEVICE/App/usbd_desc.c **** /* USER CODE END Header */
  20:USB_DEVICE/App/usbd_desc.c **** 
  21:USB_DEVICE/App/usbd_desc.c **** /* Includes ------------------------------------------------------------------*/
  22:USB_DEVICE/App/usbd_desc.c **** #include "usbd_core.h"
  23:USB_DEVICE/App/usbd_desc.c **** #include "usbd_desc.h"
  24:USB_DEVICE/App/usbd_desc.c **** #include "usbd_conf.h"
  25:USB_DEVICE/App/usbd_desc.c **** 
  26:USB_DEVICE/App/usbd_desc.c **** /* USER CODE BEGIN INCLUDE */
  27:USB_DEVICE/App/usbd_desc.c **** 
  28:USB_DEVICE/App/usbd_desc.c **** /* USER CODE END INCLUDE */
  29:USB_DEVICE/App/usbd_desc.c **** 
  30:USB_DEVICE/App/usbd_desc.c **** /* Private typedef -----------------------------------------------------------*/
  31:USB_DEVICE/App/usbd_desc.c **** /* Private define ------------------------------------------------------------*/
ARM GAS  C:\Users\jonar\AppData\Local\Temp\cct51vJj.s 			page 2


  32:USB_DEVICE/App/usbd_desc.c **** /* Private macro -------------------------------------------------------------*/
  33:USB_DEVICE/App/usbd_desc.c **** 
  34:USB_DEVICE/App/usbd_desc.c **** /* USER CODE BEGIN PV */
  35:USB_DEVICE/App/usbd_desc.c **** /* Private variables ---------------------------------------------------------*/
  36:USB_DEVICE/App/usbd_desc.c **** 
  37:USB_DEVICE/App/usbd_desc.c **** /* USER CODE END PV */
  38:USB_DEVICE/App/usbd_desc.c **** 
  39:USB_DEVICE/App/usbd_desc.c **** /** @addtogroup STM32_USB_OTG_DEVICE_LIBRARY
  40:USB_DEVICE/App/usbd_desc.c ****   * @{
  41:USB_DEVICE/App/usbd_desc.c ****   */
  42:USB_DEVICE/App/usbd_desc.c **** 
  43:USB_DEVICE/App/usbd_desc.c **** /** @addtogroup USBD_DESC
  44:USB_DEVICE/App/usbd_desc.c ****   * @{
  45:USB_DEVICE/App/usbd_desc.c ****   */
  46:USB_DEVICE/App/usbd_desc.c **** 
  47:USB_DEVICE/App/usbd_desc.c **** /** @defgroup USBD_DESC_Private_TypesDefinitions USBD_DESC_Private_TypesDefinitions
  48:USB_DEVICE/App/usbd_desc.c ****   * @brief Private types.
  49:USB_DEVICE/App/usbd_desc.c ****   * @{
  50:USB_DEVICE/App/usbd_desc.c ****   */
  51:USB_DEVICE/App/usbd_desc.c **** 
  52:USB_DEVICE/App/usbd_desc.c **** /* USER CODE BEGIN PRIVATE_TYPES */
  53:USB_DEVICE/App/usbd_desc.c **** 
  54:USB_DEVICE/App/usbd_desc.c **** /* USER CODE END PRIVATE_TYPES */
  55:USB_DEVICE/App/usbd_desc.c **** 
  56:USB_DEVICE/App/usbd_desc.c **** /**
  57:USB_DEVICE/App/usbd_desc.c ****   * @}
  58:USB_DEVICE/App/usbd_desc.c ****   */
  59:USB_DEVICE/App/usbd_desc.c **** 
  60:USB_DEVICE/App/usbd_desc.c **** /** @defgroup USBD_DESC_Private_Defines USBD_DESC_Private_Defines
  61:USB_DEVICE/App/usbd_desc.c ****   * @brief Private defines.
  62:USB_DEVICE/App/usbd_desc.c ****   * @{
  63:USB_DEVICE/App/usbd_desc.c ****   */
  64:USB_DEVICE/App/usbd_desc.c **** 
  65:USB_DEVICE/App/usbd_desc.c ****   // Emulating xbox360 button style
  66:USB_DEVICE/App/usbd_desc.c **** #define USBD_VID     0x1209
  67:USB_DEVICE/App/usbd_desc.c **** #define USBD_LANGID_STRING     1033
  68:USB_DEVICE/App/usbd_desc.c **** #define USBD_MANUFACTURER_STRING     "Jonart B"
  69:USB_DEVICE/App/usbd_desc.c **** #define USBD_PID_FS     0x28E
  70:USB_DEVICE/App/usbd_desc.c **** #define USBD_PRODUCT_STRING_FS     "J-Controller"
  71:USB_DEVICE/App/usbd_desc.c **** #define USBD_CONFIGURATION_STRING_FS     "Custom HID Config"
  72:USB_DEVICE/App/usbd_desc.c **** #define USBD_INTERFACE_STRING_FS     "Custom HID Interface"
  73:USB_DEVICE/App/usbd_desc.c **** 
  74:USB_DEVICE/App/usbd_desc.c **** /* USER CODE BEGIN PRIVATE_DEFINES */
  75:USB_DEVICE/App/usbd_desc.c **** 
  76:USB_DEVICE/App/usbd_desc.c **** /* USER CODE END PRIVATE_DEFINES */
  77:USB_DEVICE/App/usbd_desc.c **** 
  78:USB_DEVICE/App/usbd_desc.c **** /**
  79:USB_DEVICE/App/usbd_desc.c ****   * @}
  80:USB_DEVICE/App/usbd_desc.c ****   */
  81:USB_DEVICE/App/usbd_desc.c **** 
  82:USB_DEVICE/App/usbd_desc.c **** /* USER CODE BEGIN 0 */
  83:USB_DEVICE/App/usbd_desc.c **** 
  84:USB_DEVICE/App/usbd_desc.c **** /* USER CODE END 0 */
  85:USB_DEVICE/App/usbd_desc.c **** 
  86:USB_DEVICE/App/usbd_desc.c **** /** @defgroup USBD_DESC_Private_Macros USBD_DESC_Private_Macros
  87:USB_DEVICE/App/usbd_desc.c ****   * @brief Private macros.
  88:USB_DEVICE/App/usbd_desc.c ****   * @{
ARM GAS  C:\Users\jonar\AppData\Local\Temp\cct51vJj.s 			page 3


  89:USB_DEVICE/App/usbd_desc.c ****   */
  90:USB_DEVICE/App/usbd_desc.c **** 
  91:USB_DEVICE/App/usbd_desc.c **** /* USER CODE BEGIN PRIVATE_MACRO */
  92:USB_DEVICE/App/usbd_desc.c **** 
  93:USB_DEVICE/App/usbd_desc.c **** /* USER CODE END PRIVATE_MACRO */
  94:USB_DEVICE/App/usbd_desc.c **** 
  95:USB_DEVICE/App/usbd_desc.c **** /**
  96:USB_DEVICE/App/usbd_desc.c ****   * @}
  97:USB_DEVICE/App/usbd_desc.c ****   */
  98:USB_DEVICE/App/usbd_desc.c **** 
  99:USB_DEVICE/App/usbd_desc.c **** /** @defgroup USBD_DESC_Private_FunctionPrototypes USBD_DESC_Private_FunctionPrototypes
 100:USB_DEVICE/App/usbd_desc.c ****   * @brief Private functions declaration.
 101:USB_DEVICE/App/usbd_desc.c ****   * @{
 102:USB_DEVICE/App/usbd_desc.c ****   */
 103:USB_DEVICE/App/usbd_desc.c **** 
 104:USB_DEVICE/App/usbd_desc.c **** static void Get_SerialNum(void);
 105:USB_DEVICE/App/usbd_desc.c **** static void IntToUnicode(uint32_t value, uint8_t * pbuf, uint8_t len);
 106:USB_DEVICE/App/usbd_desc.c **** 
 107:USB_DEVICE/App/usbd_desc.c **** /**
 108:USB_DEVICE/App/usbd_desc.c ****   * @}
 109:USB_DEVICE/App/usbd_desc.c ****   */
 110:USB_DEVICE/App/usbd_desc.c **** 
 111:USB_DEVICE/App/usbd_desc.c **** /** @defgroup USBD_DESC_Private_FunctionPrototypes USBD_DESC_Private_FunctionPrototypes
 112:USB_DEVICE/App/usbd_desc.c ****   * @brief Private functions declaration for FS.
 113:USB_DEVICE/App/usbd_desc.c ****   * @{
 114:USB_DEVICE/App/usbd_desc.c ****   */
 115:USB_DEVICE/App/usbd_desc.c **** 
 116:USB_DEVICE/App/usbd_desc.c **** uint8_t * USBD_FS_DeviceDescriptor(USBD_SpeedTypeDef speed, uint16_t *length);
 117:USB_DEVICE/App/usbd_desc.c **** uint8_t * USBD_FS_LangIDStrDescriptor(USBD_SpeedTypeDef speed, uint16_t *length);
 118:USB_DEVICE/App/usbd_desc.c **** uint8_t * USBD_FS_ManufacturerStrDescriptor(USBD_SpeedTypeDef speed, uint16_t *length);
 119:USB_DEVICE/App/usbd_desc.c **** uint8_t * USBD_FS_ProductStrDescriptor(USBD_SpeedTypeDef speed, uint16_t *length);
 120:USB_DEVICE/App/usbd_desc.c **** uint8_t * USBD_FS_SerialStrDescriptor(USBD_SpeedTypeDef speed, uint16_t *length);
 121:USB_DEVICE/App/usbd_desc.c **** uint8_t * USBD_FS_ConfigStrDescriptor(USBD_SpeedTypeDef speed, uint16_t *length);
 122:USB_DEVICE/App/usbd_desc.c **** uint8_t * USBD_FS_InterfaceStrDescriptor(USBD_SpeedTypeDef speed, uint16_t *length);
 123:USB_DEVICE/App/usbd_desc.c **** 
 124:USB_DEVICE/App/usbd_desc.c **** /**
 125:USB_DEVICE/App/usbd_desc.c ****   * @}
 126:USB_DEVICE/App/usbd_desc.c ****   */
 127:USB_DEVICE/App/usbd_desc.c **** 
 128:USB_DEVICE/App/usbd_desc.c **** /** @defgroup USBD_DESC_Private_Variables USBD_DESC_Private_Variables
 129:USB_DEVICE/App/usbd_desc.c ****   * @brief Private variables.
 130:USB_DEVICE/App/usbd_desc.c ****   * @{
 131:USB_DEVICE/App/usbd_desc.c ****   */
 132:USB_DEVICE/App/usbd_desc.c **** 
 133:USB_DEVICE/App/usbd_desc.c **** USBD_DescriptorsTypeDef FS_Desc =
 134:USB_DEVICE/App/usbd_desc.c **** {
 135:USB_DEVICE/App/usbd_desc.c ****   USBD_FS_DeviceDescriptor
 136:USB_DEVICE/App/usbd_desc.c **** , USBD_FS_LangIDStrDescriptor
 137:USB_DEVICE/App/usbd_desc.c **** , USBD_FS_ManufacturerStrDescriptor
 138:USB_DEVICE/App/usbd_desc.c **** , USBD_FS_ProductStrDescriptor
 139:USB_DEVICE/App/usbd_desc.c **** , USBD_FS_SerialStrDescriptor
 140:USB_DEVICE/App/usbd_desc.c **** , USBD_FS_ConfigStrDescriptor
 141:USB_DEVICE/App/usbd_desc.c **** , USBD_FS_InterfaceStrDescriptor
 142:USB_DEVICE/App/usbd_desc.c **** };
 143:USB_DEVICE/App/usbd_desc.c **** 
 144:USB_DEVICE/App/usbd_desc.c **** #if defined ( __ICCARM__ ) /* IAR Compiler */
 145:USB_DEVICE/App/usbd_desc.c ****   #pragma data_alignment=4
ARM GAS  C:\Users\jonar\AppData\Local\Temp\cct51vJj.s 			page 4


 146:USB_DEVICE/App/usbd_desc.c **** #endif /* defined ( __ICCARM__ ) */
 147:USB_DEVICE/App/usbd_desc.c **** /** USB standard device descriptor. */
 148:USB_DEVICE/App/usbd_desc.c **** __ALIGN_BEGIN uint8_t USBD_FS_DeviceDesc[USB_LEN_DEV_DESC] __ALIGN_END =
 149:USB_DEVICE/App/usbd_desc.c **** {
 150:USB_DEVICE/App/usbd_desc.c ****   0x12,                       /*bLength */
 151:USB_DEVICE/App/usbd_desc.c ****   USB_DESC_TYPE_DEVICE,       /*bDescriptorType*/
 152:USB_DEVICE/App/usbd_desc.c ****   0x00,                       /*bcdUSB */
 153:USB_DEVICE/App/usbd_desc.c ****   0x02,
 154:USB_DEVICE/App/usbd_desc.c ****   0x00,                       /*bDeviceClass*/
 155:USB_DEVICE/App/usbd_desc.c ****   0x00,                       /*bDeviceSubClass*/
 156:USB_DEVICE/App/usbd_desc.c ****   0x00,                       /*bDeviceProtocol*/
 157:USB_DEVICE/App/usbd_desc.c ****   USB_MAX_EP0_SIZE,           /*bMaxPacketSize*/
 158:USB_DEVICE/App/usbd_desc.c ****   LOBYTE(USBD_VID),           /*idVendor*/
 159:USB_DEVICE/App/usbd_desc.c ****   HIBYTE(USBD_VID),           /*idVendor*/
 160:USB_DEVICE/App/usbd_desc.c ****   LOBYTE(USBD_PID_FS),        /*idProduct*/
 161:USB_DEVICE/App/usbd_desc.c ****   HIBYTE(USBD_PID_FS),        /*idProduct*/
 162:USB_DEVICE/App/usbd_desc.c ****   0x00,                       /*bcdDevice rel. 2.00*/
 163:USB_DEVICE/App/usbd_desc.c ****   0x02,
 164:USB_DEVICE/App/usbd_desc.c ****   USBD_IDX_MFC_STR,           /*Index of manufacturer  string*/
 165:USB_DEVICE/App/usbd_desc.c ****   USBD_IDX_PRODUCT_STR,       /*Index of product string*/
 166:USB_DEVICE/App/usbd_desc.c ****   USBD_IDX_SERIAL_STR,        /*Index of serial number string*/
 167:USB_DEVICE/App/usbd_desc.c ****   USBD_MAX_NUM_CONFIGURATION  /*bNumConfigurations*/
 168:USB_DEVICE/App/usbd_desc.c **** };
 169:USB_DEVICE/App/usbd_desc.c **** 
 170:USB_DEVICE/App/usbd_desc.c **** /* USB_DeviceDescriptor */
 171:USB_DEVICE/App/usbd_desc.c **** 
 172:USB_DEVICE/App/usbd_desc.c **** /**
 173:USB_DEVICE/App/usbd_desc.c ****   * @}
 174:USB_DEVICE/App/usbd_desc.c ****   */
 175:USB_DEVICE/App/usbd_desc.c **** 
 176:USB_DEVICE/App/usbd_desc.c **** /** @defgroup USBD_DESC_Private_Variables USBD_DESC_Private_Variables
 177:USB_DEVICE/App/usbd_desc.c ****   * @brief Private variables.
 178:USB_DEVICE/App/usbd_desc.c ****   * @{
 179:USB_DEVICE/App/usbd_desc.c ****   */
 180:USB_DEVICE/App/usbd_desc.c **** 
 181:USB_DEVICE/App/usbd_desc.c **** #if defined ( __ICCARM__ ) /* IAR Compiler */
 182:USB_DEVICE/App/usbd_desc.c ****   #pragma data_alignment=4
 183:USB_DEVICE/App/usbd_desc.c **** #endif /* defined ( __ICCARM__ ) */
 184:USB_DEVICE/App/usbd_desc.c **** 
 185:USB_DEVICE/App/usbd_desc.c **** /** USB lang identifier descriptor. */
 186:USB_DEVICE/App/usbd_desc.c **** __ALIGN_BEGIN uint8_t USBD_LangIDDesc[USB_LEN_LANGID_STR_DESC] __ALIGN_END =
 187:USB_DEVICE/App/usbd_desc.c **** {
 188:USB_DEVICE/App/usbd_desc.c ****      USB_LEN_LANGID_STR_DESC,
 189:USB_DEVICE/App/usbd_desc.c ****      USB_DESC_TYPE_STRING,
 190:USB_DEVICE/App/usbd_desc.c ****      LOBYTE(USBD_LANGID_STRING),
 191:USB_DEVICE/App/usbd_desc.c ****      HIBYTE(USBD_LANGID_STRING)
 192:USB_DEVICE/App/usbd_desc.c **** };
 193:USB_DEVICE/App/usbd_desc.c **** 
 194:USB_DEVICE/App/usbd_desc.c **** #if defined ( __ICCARM__ ) /* IAR Compiler */
 195:USB_DEVICE/App/usbd_desc.c ****   #pragma data_alignment=4
 196:USB_DEVICE/App/usbd_desc.c **** #endif /* defined ( __ICCARM__ ) */
 197:USB_DEVICE/App/usbd_desc.c **** /* Internal string descriptor. */
 198:USB_DEVICE/App/usbd_desc.c **** __ALIGN_BEGIN uint8_t USBD_StrDesc[USBD_MAX_STR_DESC_SIZ] __ALIGN_END;
 199:USB_DEVICE/App/usbd_desc.c **** 
 200:USB_DEVICE/App/usbd_desc.c **** #if defined ( __ICCARM__ ) /*!< IAR Compiler */
 201:USB_DEVICE/App/usbd_desc.c ****   #pragma data_alignment=4
 202:USB_DEVICE/App/usbd_desc.c **** #endif
ARM GAS  C:\Users\jonar\AppData\Local\Temp\cct51vJj.s 			page 5


 203:USB_DEVICE/App/usbd_desc.c **** __ALIGN_BEGIN uint8_t USBD_StringSerial[USB_SIZ_STRING_SERIAL] __ALIGN_END = {
 204:USB_DEVICE/App/usbd_desc.c ****   USB_SIZ_STRING_SERIAL,
 205:USB_DEVICE/App/usbd_desc.c ****   USB_DESC_TYPE_STRING,
 206:USB_DEVICE/App/usbd_desc.c **** };
 207:USB_DEVICE/App/usbd_desc.c **** 
 208:USB_DEVICE/App/usbd_desc.c **** /**
 209:USB_DEVICE/App/usbd_desc.c ****   * @}
 210:USB_DEVICE/App/usbd_desc.c ****   */
 211:USB_DEVICE/App/usbd_desc.c **** 
 212:USB_DEVICE/App/usbd_desc.c **** /** @defgroup USBD_DESC_Private_Functions USBD_DESC_Private_Functions
 213:USB_DEVICE/App/usbd_desc.c ****   * @brief Private functions.
 214:USB_DEVICE/App/usbd_desc.c ****   * @{
 215:USB_DEVICE/App/usbd_desc.c ****   */
 216:USB_DEVICE/App/usbd_desc.c **** 
 217:USB_DEVICE/App/usbd_desc.c **** /**
 218:USB_DEVICE/App/usbd_desc.c ****   * @brief  Return the device descriptor
 219:USB_DEVICE/App/usbd_desc.c ****   * @param  speed : Current device speed
 220:USB_DEVICE/App/usbd_desc.c ****   * @param  length : Pointer to data length variable
 221:USB_DEVICE/App/usbd_desc.c ****   * @retval Pointer to descriptor buffer
 222:USB_DEVICE/App/usbd_desc.c ****   */
 223:USB_DEVICE/App/usbd_desc.c **** uint8_t * USBD_FS_DeviceDescriptor(USBD_SpeedTypeDef speed, uint16_t *length)
 224:USB_DEVICE/App/usbd_desc.c **** {
  28              		.loc 1 224 1 view -0
  29              		.cfi_startproc
  30              		@ args = 0, pretend = 0, frame = 0
  31              		@ frame_needed = 0, uses_anonymous_args = 0
  32              		@ link register save eliminated.
 225:USB_DEVICE/App/usbd_desc.c ****   UNUSED(speed);
  33              		.loc 1 225 3 view .LVU1
 226:USB_DEVICE/App/usbd_desc.c ****   *length = sizeof(USBD_FS_DeviceDesc);
  34              		.loc 1 226 3 view .LVU2
  35              		.loc 1 226 11 is_stmt 0 view .LVU3
  36 0000 1223     		movs	r3, #18
  37 0002 0B80     		strh	r3, [r1]	@ movhi
 227:USB_DEVICE/App/usbd_desc.c ****   return USBD_FS_DeviceDesc;
  38              		.loc 1 227 3 is_stmt 1 view .LVU4
 228:USB_DEVICE/App/usbd_desc.c **** }
  39              		.loc 1 228 1 is_stmt 0 view .LVU5
  40 0004 0048     		ldr	r0, .L2
  41              	.LVL1:
  42              		.loc 1 228 1 view .LVU6
  43 0006 7047     		bx	lr
  44              	.L3:
  45              		.align	2
  46              	.L2:
  47 0008 00000000 		.word	USBD_FS_DeviceDesc
  48              		.cfi_endproc
  49              	.LFE68:
  51              		.section	.text.USBD_FS_LangIDStrDescriptor,"ax",%progbits
  52              		.align	1
  53              		.global	USBD_FS_LangIDStrDescriptor
  54              		.syntax unified
  55              		.thumb
  56              		.thumb_func
  58              	USBD_FS_LangIDStrDescriptor:
  59              	.LVL2:
  60              	.LFB69:
ARM GAS  C:\Users\jonar\AppData\Local\Temp\cct51vJj.s 			page 6


 229:USB_DEVICE/App/usbd_desc.c **** 
 230:USB_DEVICE/App/usbd_desc.c **** /**
 231:USB_DEVICE/App/usbd_desc.c ****   * @brief  Return the LangID string descriptor
 232:USB_DEVICE/App/usbd_desc.c ****   * @param  speed : Current device speed
 233:USB_DEVICE/App/usbd_desc.c ****   * @param  length : Pointer to data length variable
 234:USB_DEVICE/App/usbd_desc.c ****   * @retval Pointer to descriptor buffer
 235:USB_DEVICE/App/usbd_desc.c ****   */
 236:USB_DEVICE/App/usbd_desc.c **** uint8_t * USBD_FS_LangIDStrDescriptor(USBD_SpeedTypeDef speed, uint16_t *length)
 237:USB_DEVICE/App/usbd_desc.c **** {
  61              		.loc 1 237 1 is_stmt 1 view -0
  62              		.cfi_startproc
  63              		@ args = 0, pretend = 0, frame = 0
  64              		@ frame_needed = 0, uses_anonymous_args = 0
  65              		@ link register save eliminated.
 238:USB_DEVICE/App/usbd_desc.c ****   UNUSED(speed);
  66              		.loc 1 238 3 view .LVU8
 239:USB_DEVICE/App/usbd_desc.c ****   *length = sizeof(USBD_LangIDDesc);
  67              		.loc 1 239 3 view .LVU9
  68              		.loc 1 239 11 is_stmt 0 view .LVU10
  69 0000 0423     		movs	r3, #4
  70 0002 0B80     		strh	r3, [r1]	@ movhi
 240:USB_DEVICE/App/usbd_desc.c ****   return USBD_LangIDDesc;
  71              		.loc 1 240 3 is_stmt 1 view .LVU11
 241:USB_DEVICE/App/usbd_desc.c **** }
  72              		.loc 1 241 1 is_stmt 0 view .LVU12
  73 0004 0048     		ldr	r0, .L5
  74              	.LVL3:
  75              		.loc 1 241 1 view .LVU13
  76 0006 7047     		bx	lr
  77              	.L6:
  78              		.align	2
  79              	.L5:
  80 0008 00000000 		.word	USBD_LangIDDesc
  81              		.cfi_endproc
  82              	.LFE69:
  84              		.section	.text.IntToUnicode,"ax",%progbits
  85              		.align	1
  86              		.syntax unified
  87              		.thumb
  88              		.thumb_func
  90              	IntToUnicode:
  91              	.LVL4:
  92              	.LFB76:
 242:USB_DEVICE/App/usbd_desc.c **** 
 243:USB_DEVICE/App/usbd_desc.c **** /**
 244:USB_DEVICE/App/usbd_desc.c ****   * @brief  Return the product string descriptor
 245:USB_DEVICE/App/usbd_desc.c ****   * @param  speed : Current device speed
 246:USB_DEVICE/App/usbd_desc.c ****   * @param  length : Pointer to data length variable
 247:USB_DEVICE/App/usbd_desc.c ****   * @retval Pointer to descriptor buffer
 248:USB_DEVICE/App/usbd_desc.c ****   */
 249:USB_DEVICE/App/usbd_desc.c **** uint8_t * USBD_FS_ProductStrDescriptor(USBD_SpeedTypeDef speed, uint16_t *length)
 250:USB_DEVICE/App/usbd_desc.c **** {
 251:USB_DEVICE/App/usbd_desc.c ****   if(speed == 0)
 252:USB_DEVICE/App/usbd_desc.c ****   {
 253:USB_DEVICE/App/usbd_desc.c ****     USBD_GetString((uint8_t *)USBD_PRODUCT_STRING_FS, USBD_StrDesc, length);
 254:USB_DEVICE/App/usbd_desc.c ****   }
 255:USB_DEVICE/App/usbd_desc.c ****   else
ARM GAS  C:\Users\jonar\AppData\Local\Temp\cct51vJj.s 			page 7


 256:USB_DEVICE/App/usbd_desc.c ****   {
 257:USB_DEVICE/App/usbd_desc.c ****     USBD_GetString((uint8_t *)USBD_PRODUCT_STRING_FS, USBD_StrDesc, length);
 258:USB_DEVICE/App/usbd_desc.c ****   }
 259:USB_DEVICE/App/usbd_desc.c ****   return USBD_StrDesc;
 260:USB_DEVICE/App/usbd_desc.c **** }
 261:USB_DEVICE/App/usbd_desc.c **** 
 262:USB_DEVICE/App/usbd_desc.c **** /**
 263:USB_DEVICE/App/usbd_desc.c ****   * @brief  Return the manufacturer string descriptor
 264:USB_DEVICE/App/usbd_desc.c ****   * @param  speed : Current device speed
 265:USB_DEVICE/App/usbd_desc.c ****   * @param  length : Pointer to data length variable
 266:USB_DEVICE/App/usbd_desc.c ****   * @retval Pointer to descriptor buffer
 267:USB_DEVICE/App/usbd_desc.c ****   */
 268:USB_DEVICE/App/usbd_desc.c **** uint8_t * USBD_FS_ManufacturerStrDescriptor(USBD_SpeedTypeDef speed, uint16_t *length)
 269:USB_DEVICE/App/usbd_desc.c **** {
 270:USB_DEVICE/App/usbd_desc.c ****   UNUSED(speed);
 271:USB_DEVICE/App/usbd_desc.c ****   USBD_GetString((uint8_t *)USBD_MANUFACTURER_STRING, USBD_StrDesc, length);
 272:USB_DEVICE/App/usbd_desc.c ****   return USBD_StrDesc;
 273:USB_DEVICE/App/usbd_desc.c **** }
 274:USB_DEVICE/App/usbd_desc.c **** 
 275:USB_DEVICE/App/usbd_desc.c **** /**
 276:USB_DEVICE/App/usbd_desc.c ****   * @brief  Return the serial number string descriptor
 277:USB_DEVICE/App/usbd_desc.c ****   * @param  speed : Current device speed
 278:USB_DEVICE/App/usbd_desc.c ****   * @param  length : Pointer to data length variable
 279:USB_DEVICE/App/usbd_desc.c ****   * @retval Pointer to descriptor buffer
 280:USB_DEVICE/App/usbd_desc.c ****   */
 281:USB_DEVICE/App/usbd_desc.c **** uint8_t * USBD_FS_SerialStrDescriptor(USBD_SpeedTypeDef speed, uint16_t *length)
 282:USB_DEVICE/App/usbd_desc.c **** {
 283:USB_DEVICE/App/usbd_desc.c ****   UNUSED(speed);
 284:USB_DEVICE/App/usbd_desc.c ****   *length = USB_SIZ_STRING_SERIAL;
 285:USB_DEVICE/App/usbd_desc.c **** 
 286:USB_DEVICE/App/usbd_desc.c ****   /* Update the serial number string descriptor with the data from the unique
 287:USB_DEVICE/App/usbd_desc.c ****    * ID */
 288:USB_DEVICE/App/usbd_desc.c ****   Get_SerialNum();
 289:USB_DEVICE/App/usbd_desc.c ****   /* USER CODE BEGIN USBD_FS_SerialStrDescriptor */
 290:USB_DEVICE/App/usbd_desc.c **** 
 291:USB_DEVICE/App/usbd_desc.c ****   /* USER CODE END USBD_FS_SerialStrDescriptor */
 292:USB_DEVICE/App/usbd_desc.c ****   return (uint8_t *) USBD_StringSerial;
 293:USB_DEVICE/App/usbd_desc.c **** }
 294:USB_DEVICE/App/usbd_desc.c **** 
 295:USB_DEVICE/App/usbd_desc.c **** /**
 296:USB_DEVICE/App/usbd_desc.c ****   * @brief  Return the configuration string descriptor
 297:USB_DEVICE/App/usbd_desc.c ****   * @param  speed : Current device speed
 298:USB_DEVICE/App/usbd_desc.c ****   * @param  length : Pointer to data length variable
 299:USB_DEVICE/App/usbd_desc.c ****   * @retval Pointer to descriptor buffer
 300:USB_DEVICE/App/usbd_desc.c ****   */
 301:USB_DEVICE/App/usbd_desc.c **** uint8_t * USBD_FS_ConfigStrDescriptor(USBD_SpeedTypeDef speed, uint16_t *length)
 302:USB_DEVICE/App/usbd_desc.c **** {
 303:USB_DEVICE/App/usbd_desc.c ****   if(speed == USBD_SPEED_HIGH)
 304:USB_DEVICE/App/usbd_desc.c ****   {
 305:USB_DEVICE/App/usbd_desc.c ****     USBD_GetString((uint8_t *)USBD_CONFIGURATION_STRING_FS, USBD_StrDesc, length);
 306:USB_DEVICE/App/usbd_desc.c ****   }
 307:USB_DEVICE/App/usbd_desc.c ****   else
 308:USB_DEVICE/App/usbd_desc.c ****   {
 309:USB_DEVICE/App/usbd_desc.c ****     USBD_GetString((uint8_t *)USBD_CONFIGURATION_STRING_FS, USBD_StrDesc, length);
 310:USB_DEVICE/App/usbd_desc.c ****   }
 311:USB_DEVICE/App/usbd_desc.c ****   return USBD_StrDesc;
 312:USB_DEVICE/App/usbd_desc.c **** }
ARM GAS  C:\Users\jonar\AppData\Local\Temp\cct51vJj.s 			page 8


 313:USB_DEVICE/App/usbd_desc.c **** 
 314:USB_DEVICE/App/usbd_desc.c **** /**
 315:USB_DEVICE/App/usbd_desc.c ****   * @brief  Return the interface string descriptor
 316:USB_DEVICE/App/usbd_desc.c ****   * @param  speed : Current device speed
 317:USB_DEVICE/App/usbd_desc.c ****   * @param  length : Pointer to data length variable
 318:USB_DEVICE/App/usbd_desc.c ****   * @retval Pointer to descriptor buffer
 319:USB_DEVICE/App/usbd_desc.c ****   */
 320:USB_DEVICE/App/usbd_desc.c **** uint8_t * USBD_FS_InterfaceStrDescriptor(USBD_SpeedTypeDef speed, uint16_t *length)
 321:USB_DEVICE/App/usbd_desc.c **** {
 322:USB_DEVICE/App/usbd_desc.c ****   if(speed == 0)
 323:USB_DEVICE/App/usbd_desc.c ****   {
 324:USB_DEVICE/App/usbd_desc.c ****     USBD_GetString((uint8_t *)USBD_INTERFACE_STRING_FS, USBD_StrDesc, length);
 325:USB_DEVICE/App/usbd_desc.c ****   }
 326:USB_DEVICE/App/usbd_desc.c ****   else
 327:USB_DEVICE/App/usbd_desc.c ****   {
 328:USB_DEVICE/App/usbd_desc.c ****     USBD_GetString((uint8_t *)USBD_INTERFACE_STRING_FS, USBD_StrDesc, length);
 329:USB_DEVICE/App/usbd_desc.c ****   }
 330:USB_DEVICE/App/usbd_desc.c ****   return USBD_StrDesc;
 331:USB_DEVICE/App/usbd_desc.c **** }
 332:USB_DEVICE/App/usbd_desc.c **** 
 333:USB_DEVICE/App/usbd_desc.c **** /**
 334:USB_DEVICE/App/usbd_desc.c ****   * @brief  Create the serial number string descriptor
 335:USB_DEVICE/App/usbd_desc.c ****   * @param  None
 336:USB_DEVICE/App/usbd_desc.c ****   * @retval None
 337:USB_DEVICE/App/usbd_desc.c ****   */
 338:USB_DEVICE/App/usbd_desc.c **** static void Get_SerialNum(void)
 339:USB_DEVICE/App/usbd_desc.c **** {
 340:USB_DEVICE/App/usbd_desc.c ****   uint32_t deviceserial0;
 341:USB_DEVICE/App/usbd_desc.c ****   uint32_t deviceserial1;
 342:USB_DEVICE/App/usbd_desc.c ****   uint32_t deviceserial2;
 343:USB_DEVICE/App/usbd_desc.c **** 
 344:USB_DEVICE/App/usbd_desc.c ****   deviceserial0 = *(uint32_t *) DEVICE_ID1;
 345:USB_DEVICE/App/usbd_desc.c ****   deviceserial1 = *(uint32_t *) DEVICE_ID2;
 346:USB_DEVICE/App/usbd_desc.c ****   deviceserial2 = *(uint32_t *) DEVICE_ID3;
 347:USB_DEVICE/App/usbd_desc.c **** 
 348:USB_DEVICE/App/usbd_desc.c ****   deviceserial0 += deviceserial2;
 349:USB_DEVICE/App/usbd_desc.c **** 
 350:USB_DEVICE/App/usbd_desc.c ****   if (deviceserial0 != 0)
 351:USB_DEVICE/App/usbd_desc.c ****   {
 352:USB_DEVICE/App/usbd_desc.c ****     IntToUnicode(deviceserial0, &USBD_StringSerial[2], 8);
 353:USB_DEVICE/App/usbd_desc.c ****     IntToUnicode(deviceserial1, &USBD_StringSerial[18], 4);
 354:USB_DEVICE/App/usbd_desc.c ****   }
 355:USB_DEVICE/App/usbd_desc.c **** }
 356:USB_DEVICE/App/usbd_desc.c **** 
 357:USB_DEVICE/App/usbd_desc.c **** /**
 358:USB_DEVICE/App/usbd_desc.c ****   * @brief  Convert Hex 32Bits value into char
 359:USB_DEVICE/App/usbd_desc.c ****   * @param  value: value to convert
 360:USB_DEVICE/App/usbd_desc.c ****   * @param  pbuf: pointer to the buffer
 361:USB_DEVICE/App/usbd_desc.c ****   * @param  len: buffer length
 362:USB_DEVICE/App/usbd_desc.c ****   * @retval None
 363:USB_DEVICE/App/usbd_desc.c ****   */
 364:USB_DEVICE/App/usbd_desc.c **** static void IntToUnicode(uint32_t value, uint8_t * pbuf, uint8_t len)
 365:USB_DEVICE/App/usbd_desc.c **** {
  93              		.loc 1 365 1 is_stmt 1 view -0
  94              		.cfi_startproc
  95              		@ args = 0, pretend = 0, frame = 0
  96              		@ frame_needed = 0, uses_anonymous_args = 0
ARM GAS  C:\Users\jonar\AppData\Local\Temp\cct51vJj.s 			page 9


 366:USB_DEVICE/App/usbd_desc.c ****   uint8_t idx = 0;
  97              		.loc 1 366 3 view .LVU15
 367:USB_DEVICE/App/usbd_desc.c **** 
 368:USB_DEVICE/App/usbd_desc.c ****   for (idx = 0; idx < len; idx++)
  98              		.loc 1 368 3 view .LVU16
  99              		.loc 1 368 12 is_stmt 0 view .LVU17
 100 0000 0023     		movs	r3, #0
 101              	.LVL5:
 102              		.loc 1 368 21 is_stmt 1 discriminator 1 view .LVU18
 103 0002 9342     		cmp	r3, r2
 104 0004 1ED2     		bcs	.L15
 365:USB_DEVICE/App/usbd_desc.c ****   uint8_t idx = 0;
 105              		.loc 1 365 1 is_stmt 0 view .LVU19
 106 0006 00B5     		push	{lr}
 107              	.LCFI0:
 108              		.cfi_def_cfa_offset 4
 109              		.cfi_offset 14, -4
 110 0008 10E0     		b	.L11
 111              	.L9:
 369:USB_DEVICE/App/usbd_desc.c ****   {
 370:USB_DEVICE/App/usbd_desc.c ****     if (((value >> 28)) < 0xA)
 371:USB_DEVICE/App/usbd_desc.c ****     {
 372:USB_DEVICE/App/usbd_desc.c ****       pbuf[2 * idx] = (value >> 28) + '0';
 373:USB_DEVICE/App/usbd_desc.c ****     }
 374:USB_DEVICE/App/usbd_desc.c ****     else
 375:USB_DEVICE/App/usbd_desc.c ****     {
 376:USB_DEVICE/App/usbd_desc.c ****       pbuf[2 * idx] = (value >> 28) + 'A' - 10;
 112              		.loc 1 376 7 is_stmt 1 view .LVU20
 113              		.loc 1 376 43 is_stmt 0 view .LVU21
 114 000a 0CF1370C 		add	ip, ip, #55
 115              		.loc 1 376 21 view .LVU22
 116 000e 01F813C0 		strb	ip, [r1, r3, lsl #1]
 117              	.L10:
 377:USB_DEVICE/App/usbd_desc.c ****     }
 378:USB_DEVICE/App/usbd_desc.c **** 
 379:USB_DEVICE/App/usbd_desc.c ****     value = value << 4;
 118              		.loc 1 379 5 is_stmt 1 view .LVU23
 119              		.loc 1 379 11 is_stmt 0 view .LVU24
 120 0012 0001     		lsls	r0, r0, #4
 121              	.LVL6:
 380:USB_DEVICE/App/usbd_desc.c **** 
 381:USB_DEVICE/App/usbd_desc.c ****     pbuf[2 * idx + 1] = 0;
 122              		.loc 1 381 5 is_stmt 1 view .LVU25
 123              		.loc 1 381 12 is_stmt 0 view .LVU26
 124 0014 4FEA430C 		lsl	ip, r3, #1
 125              		.loc 1 381 9 view .LVU27
 126 0018 0CF1010C 		add	ip, ip, #1
 127              		.loc 1 381 23 view .LVU28
 128 001c 4FF0000E 		mov	lr, #0
 129 0020 01F80CE0 		strb	lr, [r1, ip]
 368:USB_DEVICE/App/usbd_desc.c ****   {
 130              		.loc 1 368 31 is_stmt 1 discriminator 2 view .LVU29
 131 0024 0133     		adds	r3, r3, #1
 132              	.LVL7:
 368:USB_DEVICE/App/usbd_desc.c ****   {
 133              		.loc 1 368 31 is_stmt 0 discriminator 2 view .LVU30
 134 0026 DBB2     		uxtb	r3, r3
ARM GAS  C:\Users\jonar\AppData\Local\Temp\cct51vJj.s 			page 10


 135              	.LVL8:
 368:USB_DEVICE/App/usbd_desc.c ****   {
 136              		.loc 1 368 21 is_stmt 1 discriminator 1 view .LVU31
 137 0028 9342     		cmp	r3, r2
 138 002a 09D2     		bcs	.L16
 139              	.L11:
 370:USB_DEVICE/App/usbd_desc.c ****     {
 140              		.loc 1 370 5 view .LVU32
 370:USB_DEVICE/App/usbd_desc.c ****     {
 141              		.loc 1 370 17 is_stmt 0 view .LVU33
 142 002c 4FEA107C 		lsr	ip, r0, #28
 370:USB_DEVICE/App/usbd_desc.c ****     {
 143              		.loc 1 370 8 view .LVU34
 144 0030 B0F1204F 		cmp	r0, #-1610612736
 145 0034 E9D2     		bcs	.L9
 372:USB_DEVICE/App/usbd_desc.c ****     }
 146              		.loc 1 372 7 is_stmt 1 view .LVU35
 372:USB_DEVICE/App/usbd_desc.c ****     }
 147              		.loc 1 372 37 is_stmt 0 view .LVU36
 148 0036 0CF1300C 		add	ip, ip, #48
 372:USB_DEVICE/App/usbd_desc.c ****     }
 149              		.loc 1 372 21 view .LVU37
 150 003a 01F813C0 		strb	ip, [r1, r3, lsl #1]
 151 003e E8E7     		b	.L10
 152              	.L16:
 382:USB_DEVICE/App/usbd_desc.c ****   }
 383:USB_DEVICE/App/usbd_desc.c **** }
 153              		.loc 1 383 1 view .LVU38
 154 0040 5DF804FB 		ldr	pc, [sp], #4
 155              	.L15:
 156              	.LCFI1:
 157              		.cfi_def_cfa_offset 0
 158              		.cfi_restore 14
 159              		.loc 1 383 1 view .LVU39
 160 0044 7047     		bx	lr
 161              		.cfi_endproc
 162              	.LFE76:
 164              		.section	.text.Get_SerialNum,"ax",%progbits
 165              		.align	1
 166              		.syntax unified
 167              		.thumb
 168              		.thumb_func
 170              	Get_SerialNum:
 171              	.LFB75:
 339:USB_DEVICE/App/usbd_desc.c ****   uint32_t deviceserial0;
 172              		.loc 1 339 1 is_stmt 1 view -0
 173              		.cfi_startproc
 174              		@ args = 0, pretend = 0, frame = 0
 175              		@ frame_needed = 0, uses_anonymous_args = 0
 176 0000 38B5     		push	{r3, r4, r5, lr}
 177              	.LCFI2:
 178              		.cfi_def_cfa_offset 16
 179              		.cfi_offset 3, -16
 180              		.cfi_offset 4, -12
 181              		.cfi_offset 5, -8
 182              		.cfi_offset 14, -4
 340:USB_DEVICE/App/usbd_desc.c ****   uint32_t deviceserial1;
ARM GAS  C:\Users\jonar\AppData\Local\Temp\cct51vJj.s 			page 11


 183              		.loc 1 340 3 view .LVU41
 341:USB_DEVICE/App/usbd_desc.c ****   uint32_t deviceserial2;
 184              		.loc 1 341 3 view .LVU42
 342:USB_DEVICE/App/usbd_desc.c **** 
 185              		.loc 1 342 3 view .LVU43
 344:USB_DEVICE/App/usbd_desc.c ****   deviceserial1 = *(uint32_t *) DEVICE_ID2;
 186              		.loc 1 344 3 view .LVU44
 344:USB_DEVICE/App/usbd_desc.c ****   deviceserial1 = *(uint32_t *) DEVICE_ID2;
 187              		.loc 1 344 17 is_stmt 0 view .LVU45
 188 0002 0B4B     		ldr	r3, .L21
 189 0004 D3F8E807 		ldr	r0, [r3, #2024]
 190              	.LVL9:
 345:USB_DEVICE/App/usbd_desc.c ****   deviceserial2 = *(uint32_t *) DEVICE_ID3;
 191              		.loc 1 345 3 is_stmt 1 view .LVU46
 345:USB_DEVICE/App/usbd_desc.c ****   deviceserial2 = *(uint32_t *) DEVICE_ID3;
 192              		.loc 1 345 17 is_stmt 0 view .LVU47
 193 0008 D3F8EC47 		ldr	r4, [r3, #2028]
 194              	.LVL10:
 346:USB_DEVICE/App/usbd_desc.c **** 
 195              		.loc 1 346 3 is_stmt 1 view .LVU48
 346:USB_DEVICE/App/usbd_desc.c **** 
 196              		.loc 1 346 17 is_stmt 0 view .LVU49
 197 000c D3F8F037 		ldr	r3, [r3, #2032]
 198              	.LVL11:
 348:USB_DEVICE/App/usbd_desc.c **** 
 199              		.loc 1 348 3 is_stmt 1 view .LVU50
 350:USB_DEVICE/App/usbd_desc.c ****   {
 200              		.loc 1 350 3 view .LVU51
 350:USB_DEVICE/App/usbd_desc.c ****   {
 201              		.loc 1 350 6 is_stmt 0 view .LVU52
 202 0010 C018     		adds	r0, r0, r3
 203              	.LVL12:
 350:USB_DEVICE/App/usbd_desc.c ****   {
 204              		.loc 1 350 6 view .LVU53
 205 0012 00D1     		bne	.L20
 206              	.LVL13:
 207              	.L17:
 355:USB_DEVICE/App/usbd_desc.c **** 
 208              		.loc 1 355 1 view .LVU54
 209 0014 38BD     		pop	{r3, r4, r5, pc}
 210              	.LVL14:
 211              	.L20:
 352:USB_DEVICE/App/usbd_desc.c ****     IntToUnicode(deviceserial1, &USBD_StringSerial[18], 4);
 212              		.loc 1 352 5 is_stmt 1 view .LVU55
 213 0016 074D     		ldr	r5, .L21+4
 214 0018 0822     		movs	r2, #8
 215 001a 2946     		mov	r1, r5
 216 001c FFF7FEFF 		bl	IntToUnicode
 217              	.LVL15:
 353:USB_DEVICE/App/usbd_desc.c ****   }
 218              		.loc 1 353 5 view .LVU56
 219 0020 0422     		movs	r2, #4
 220 0022 05F11001 		add	r1, r5, #16
 221 0026 2046     		mov	r0, r4
 222 0028 FFF7FEFF 		bl	IntToUnicode
 223              	.LVL16:
 355:USB_DEVICE/App/usbd_desc.c **** 
ARM GAS  C:\Users\jonar\AppData\Local\Temp\cct51vJj.s 			page 12


 224              		.loc 1 355 1 is_stmt 0 view .LVU57
 225 002c F2E7     		b	.L17
 226              	.L22:
 227 002e 00BF     		.align	2
 228              	.L21:
 229 0030 00F0FF1F 		.word	536866816
 230 0034 02000000 		.word	USBD_StringSerial+2
 231              		.cfi_endproc
 232              	.LFE75:
 234              		.section	.text.USBD_FS_SerialStrDescriptor,"ax",%progbits
 235              		.align	1
 236              		.global	USBD_FS_SerialStrDescriptor
 237              		.syntax unified
 238              		.thumb
 239              		.thumb_func
 241              	USBD_FS_SerialStrDescriptor:
 242              	.LVL17:
 243              	.LFB72:
 282:USB_DEVICE/App/usbd_desc.c ****   UNUSED(speed);
 244              		.loc 1 282 1 is_stmt 1 view -0
 245              		.cfi_startproc
 246              		@ args = 0, pretend = 0, frame = 0
 247              		@ frame_needed = 0, uses_anonymous_args = 0
 282:USB_DEVICE/App/usbd_desc.c ****   UNUSED(speed);
 248              		.loc 1 282 1 is_stmt 0 view .LVU59
 249 0000 08B5     		push	{r3, lr}
 250              	.LCFI3:
 251              		.cfi_def_cfa_offset 8
 252              		.cfi_offset 3, -8
 253              		.cfi_offset 14, -4
 283:USB_DEVICE/App/usbd_desc.c ****   *length = USB_SIZ_STRING_SERIAL;
 254              		.loc 1 283 3 is_stmt 1 view .LVU60
 284:USB_DEVICE/App/usbd_desc.c **** 
 255              		.loc 1 284 3 view .LVU61
 284:USB_DEVICE/App/usbd_desc.c **** 
 256              		.loc 1 284 11 is_stmt 0 view .LVU62
 257 0002 1A23     		movs	r3, #26
 258 0004 0B80     		strh	r3, [r1]	@ movhi
 288:USB_DEVICE/App/usbd_desc.c ****   /* USER CODE BEGIN USBD_FS_SerialStrDescriptor */
 259              		.loc 1 288 3 is_stmt 1 view .LVU63
 260 0006 FFF7FEFF 		bl	Get_SerialNum
 261              	.LVL18:
 292:USB_DEVICE/App/usbd_desc.c **** }
 262              		.loc 1 292 3 view .LVU64
 293:USB_DEVICE/App/usbd_desc.c **** 
 263              		.loc 1 293 1 is_stmt 0 view .LVU65
 264 000a 0148     		ldr	r0, .L25
 265 000c 08BD     		pop	{r3, pc}
 266              	.L26:
 267 000e 00BF     		.align	2
 268              	.L25:
 269 0010 00000000 		.word	USBD_StringSerial
 270              		.cfi_endproc
 271              	.LFE72:
 273              		.section	.rodata.USBD_FS_ProductStrDescriptor.str1.4,"aMS",%progbits,1
 274              		.align	2
 275              	.LC0:
ARM GAS  C:\Users\jonar\AppData\Local\Temp\cct51vJj.s 			page 13


 276 0000 4A2D436F 		.ascii	"J-Controller\000"
 276      6E74726F 
 276      6C6C6572 
 276      00
 277              		.section	.text.USBD_FS_ProductStrDescriptor,"ax",%progbits
 278              		.align	1
 279              		.global	USBD_FS_ProductStrDescriptor
 280              		.syntax unified
 281              		.thumb
 282              		.thumb_func
 284              	USBD_FS_ProductStrDescriptor:
 285              	.LVL19:
 286              	.LFB70:
 250:USB_DEVICE/App/usbd_desc.c ****   if(speed == 0)
 287              		.loc 1 250 1 is_stmt 1 view -0
 288              		.cfi_startproc
 289              		@ args = 0, pretend = 0, frame = 0
 290              		@ frame_needed = 0, uses_anonymous_args = 0
 250:USB_DEVICE/App/usbd_desc.c ****   if(speed == 0)
 291              		.loc 1 250 1 is_stmt 0 view .LVU67
 292 0000 08B5     		push	{r3, lr}
 293              	.LCFI4:
 294              		.cfi_def_cfa_offset 8
 295              		.cfi_offset 3, -8
 296              		.cfi_offset 14, -4
 297 0002 0A46     		mov	r2, r1
 251:USB_DEVICE/App/usbd_desc.c ****   {
 298              		.loc 1 251 3 is_stmt 1 view .LVU68
 251:USB_DEVICE/App/usbd_desc.c ****   {
 299              		.loc 1 251 5 is_stmt 0 view .LVU69
 300 0004 28B9     		cbnz	r0, .L28
 253:USB_DEVICE/App/usbd_desc.c ****   }
 301              		.loc 1 253 5 is_stmt 1 view .LVU70
 302 0006 0549     		ldr	r1, .L31
 303              	.LVL20:
 253:USB_DEVICE/App/usbd_desc.c ****   }
 304              		.loc 1 253 5 is_stmt 0 view .LVU71
 305 0008 0548     		ldr	r0, .L31+4
 306              	.LVL21:
 253:USB_DEVICE/App/usbd_desc.c ****   }
 307              		.loc 1 253 5 view .LVU72
 308 000a FFF7FEFF 		bl	USBD_GetString
 309              	.LVL22:
 310              	.L29:
 259:USB_DEVICE/App/usbd_desc.c **** }
 311              		.loc 1 259 3 is_stmt 1 view .LVU73
 260:USB_DEVICE/App/usbd_desc.c **** 
 312              		.loc 1 260 1 is_stmt 0 view .LVU74
 313 000e 0348     		ldr	r0, .L31
 314 0010 08BD     		pop	{r3, pc}
 315              	.LVL23:
 316              	.L28:
 257:USB_DEVICE/App/usbd_desc.c ****   }
 317              		.loc 1 257 5 is_stmt 1 view .LVU75
 318 0012 0249     		ldr	r1, .L31
 319              	.LVL24:
 257:USB_DEVICE/App/usbd_desc.c ****   }
ARM GAS  C:\Users\jonar\AppData\Local\Temp\cct51vJj.s 			page 14


 320              		.loc 1 257 5 is_stmt 0 view .LVU76
 321 0014 0248     		ldr	r0, .L31+4
 322              	.LVL25:
 257:USB_DEVICE/App/usbd_desc.c ****   }
 323              		.loc 1 257 5 view .LVU77
 324 0016 FFF7FEFF 		bl	USBD_GetString
 325              	.LVL26:
 257:USB_DEVICE/App/usbd_desc.c ****   }
 326              		.loc 1 257 5 view .LVU78
 327 001a F8E7     		b	.L29
 328              	.L32:
 329              		.align	2
 330              	.L31:
 331 001c 00000000 		.word	USBD_StrDesc
 332 0020 00000000 		.word	.LC0
 333              		.cfi_endproc
 334              	.LFE70:
 336              		.section	.rodata.USBD_FS_ManufacturerStrDescriptor.str1.4,"aMS",%progbits,1
 337              		.align	2
 338              	.LC1:
 339 0000 4A6F6E61 		.ascii	"Jonart B\000"
 339      72742042 
 339      00
 340              		.section	.text.USBD_FS_ManufacturerStrDescriptor,"ax",%progbits
 341              		.align	1
 342              		.global	USBD_FS_ManufacturerStrDescriptor
 343              		.syntax unified
 344              		.thumb
 345              		.thumb_func
 347              	USBD_FS_ManufacturerStrDescriptor:
 348              	.LVL27:
 349              	.LFB71:
 269:USB_DEVICE/App/usbd_desc.c ****   UNUSED(speed);
 350              		.loc 1 269 1 is_stmt 1 view -0
 351              		.cfi_startproc
 352              		@ args = 0, pretend = 0, frame = 0
 353              		@ frame_needed = 0, uses_anonymous_args = 0
 269:USB_DEVICE/App/usbd_desc.c ****   UNUSED(speed);
 354              		.loc 1 269 1 is_stmt 0 view .LVU80
 355 0000 10B5     		push	{r4, lr}
 356              	.LCFI5:
 357              		.cfi_def_cfa_offset 8
 358              		.cfi_offset 4, -8
 359              		.cfi_offset 14, -4
 360 0002 0A46     		mov	r2, r1
 270:USB_DEVICE/App/usbd_desc.c ****   USBD_GetString((uint8_t *)USBD_MANUFACTURER_STRING, USBD_StrDesc, length);
 361              		.loc 1 270 3 is_stmt 1 view .LVU81
 271:USB_DEVICE/App/usbd_desc.c ****   return USBD_StrDesc;
 362              		.loc 1 271 3 view .LVU82
 363 0004 034C     		ldr	r4, .L35
 364 0006 2146     		mov	r1, r4
 365              	.LVL28:
 271:USB_DEVICE/App/usbd_desc.c ****   return USBD_StrDesc;
 366              		.loc 1 271 3 is_stmt 0 view .LVU83
 367 0008 0348     		ldr	r0, .L35+4
 368              	.LVL29:
 271:USB_DEVICE/App/usbd_desc.c ****   return USBD_StrDesc;
ARM GAS  C:\Users\jonar\AppData\Local\Temp\cct51vJj.s 			page 15


 369              		.loc 1 271 3 view .LVU84
 370 000a FFF7FEFF 		bl	USBD_GetString
 371              	.LVL30:
 272:USB_DEVICE/App/usbd_desc.c **** }
 372              		.loc 1 272 3 is_stmt 1 view .LVU85
 273:USB_DEVICE/App/usbd_desc.c **** 
 373              		.loc 1 273 1 is_stmt 0 view .LVU86
 374 000e 2046     		mov	r0, r4
 375 0010 10BD     		pop	{r4, pc}
 376              	.L36:
 377 0012 00BF     		.align	2
 378              	.L35:
 379 0014 00000000 		.word	USBD_StrDesc
 380 0018 00000000 		.word	.LC1
 381              		.cfi_endproc
 382              	.LFE71:
 384              		.section	.rodata.USBD_FS_ConfigStrDescriptor.str1.4,"aMS",%progbits,1
 385              		.align	2
 386              	.LC2:
 387 0000 43757374 		.ascii	"Custom HID Config\000"
 387      6F6D2048 
 387      49442043 
 387      6F6E6669 
 387      6700
 388              		.section	.text.USBD_FS_ConfigStrDescriptor,"ax",%progbits
 389              		.align	1
 390              		.global	USBD_FS_ConfigStrDescriptor
 391              		.syntax unified
 392              		.thumb
 393              		.thumb_func
 395              	USBD_FS_ConfigStrDescriptor:
 396              	.LVL31:
 397              	.LFB73:
 302:USB_DEVICE/App/usbd_desc.c ****   if(speed == USBD_SPEED_HIGH)
 398              		.loc 1 302 1 is_stmt 1 view -0
 399              		.cfi_startproc
 400              		@ args = 0, pretend = 0, frame = 0
 401              		@ frame_needed = 0, uses_anonymous_args = 0
 302:USB_DEVICE/App/usbd_desc.c ****   if(speed == USBD_SPEED_HIGH)
 402              		.loc 1 302 1 is_stmt 0 view .LVU88
 403 0000 08B5     		push	{r3, lr}
 404              	.LCFI6:
 405              		.cfi_def_cfa_offset 8
 406              		.cfi_offset 3, -8
 407              		.cfi_offset 14, -4
 408 0002 0A46     		mov	r2, r1
 303:USB_DEVICE/App/usbd_desc.c ****   {
 409              		.loc 1 303 3 is_stmt 1 view .LVU89
 303:USB_DEVICE/App/usbd_desc.c ****   {
 410              		.loc 1 303 5 is_stmt 0 view .LVU90
 411 0004 28B9     		cbnz	r0, .L38
 305:USB_DEVICE/App/usbd_desc.c ****   }
 412              		.loc 1 305 5 is_stmt 1 view .LVU91
 413 0006 0549     		ldr	r1, .L41
 414              	.LVL32:
 305:USB_DEVICE/App/usbd_desc.c ****   }
 415              		.loc 1 305 5 is_stmt 0 view .LVU92
ARM GAS  C:\Users\jonar\AppData\Local\Temp\cct51vJj.s 			page 16


 416 0008 0548     		ldr	r0, .L41+4
 417              	.LVL33:
 305:USB_DEVICE/App/usbd_desc.c ****   }
 418              		.loc 1 305 5 view .LVU93
 419 000a FFF7FEFF 		bl	USBD_GetString
 420              	.LVL34:
 421              	.L39:
 311:USB_DEVICE/App/usbd_desc.c **** }
 422              		.loc 1 311 3 is_stmt 1 view .LVU94
 312:USB_DEVICE/App/usbd_desc.c **** 
 423              		.loc 1 312 1 is_stmt 0 view .LVU95
 424 000e 0348     		ldr	r0, .L41
 425 0010 08BD     		pop	{r3, pc}
 426              	.LVL35:
 427              	.L38:
 309:USB_DEVICE/App/usbd_desc.c ****   }
 428              		.loc 1 309 5 is_stmt 1 view .LVU96
 429 0012 0249     		ldr	r1, .L41
 430              	.LVL36:
 309:USB_DEVICE/App/usbd_desc.c ****   }
 431              		.loc 1 309 5 is_stmt 0 view .LVU97
 432 0014 0248     		ldr	r0, .L41+4
 433              	.LVL37:
 309:USB_DEVICE/App/usbd_desc.c ****   }
 434              		.loc 1 309 5 view .LVU98
 435 0016 FFF7FEFF 		bl	USBD_GetString
 436              	.LVL38:
 309:USB_DEVICE/App/usbd_desc.c ****   }
 437              		.loc 1 309 5 view .LVU99
 438 001a F8E7     		b	.L39
 439              	.L42:
 440              		.align	2
 441              	.L41:
 442 001c 00000000 		.word	USBD_StrDesc
 443 0020 00000000 		.word	.LC2
 444              		.cfi_endproc
 445              	.LFE73:
 447              		.section	.rodata.USBD_FS_InterfaceStrDescriptor.str1.4,"aMS",%progbits,1
 448              		.align	2
 449              	.LC3:
 450 0000 43757374 		.ascii	"Custom HID Interface\000"
 450      6F6D2048 
 450      49442049 
 450      6E746572 
 450      66616365 
 451              		.section	.text.USBD_FS_InterfaceStrDescriptor,"ax",%progbits
 452              		.align	1
 453              		.global	USBD_FS_InterfaceStrDescriptor
 454              		.syntax unified
 455              		.thumb
 456              		.thumb_func
 458              	USBD_FS_InterfaceStrDescriptor:
 459              	.LVL39:
 460              	.LFB74:
 321:USB_DEVICE/App/usbd_desc.c ****   if(speed == 0)
 461              		.loc 1 321 1 is_stmt 1 view -0
 462              		.cfi_startproc
ARM GAS  C:\Users\jonar\AppData\Local\Temp\cct51vJj.s 			page 17


 463              		@ args = 0, pretend = 0, frame = 0
 464              		@ frame_needed = 0, uses_anonymous_args = 0
 321:USB_DEVICE/App/usbd_desc.c ****   if(speed == 0)
 465              		.loc 1 321 1 is_stmt 0 view .LVU101
 466 0000 08B5     		push	{r3, lr}
 467              	.LCFI7:
 468              		.cfi_def_cfa_offset 8
 469              		.cfi_offset 3, -8
 470              		.cfi_offset 14, -4
 471 0002 0A46     		mov	r2, r1
 322:USB_DEVICE/App/usbd_desc.c ****   {
 472              		.loc 1 322 3 is_stmt 1 view .LVU102
 322:USB_DEVICE/App/usbd_desc.c ****   {
 473              		.loc 1 322 5 is_stmt 0 view .LVU103
 474 0004 28B9     		cbnz	r0, .L44
 324:USB_DEVICE/App/usbd_desc.c ****   }
 475              		.loc 1 324 5 is_stmt 1 view .LVU104
 476 0006 0549     		ldr	r1, .L47
 477              	.LVL40:
 324:USB_DEVICE/App/usbd_desc.c ****   }
 478              		.loc 1 324 5 is_stmt 0 view .LVU105
 479 0008 0548     		ldr	r0, .L47+4
 480              	.LVL41:
 324:USB_DEVICE/App/usbd_desc.c ****   }
 481              		.loc 1 324 5 view .LVU106
 482 000a FFF7FEFF 		bl	USBD_GetString
 483              	.LVL42:
 484              	.L45:
 330:USB_DEVICE/App/usbd_desc.c **** }
 485              		.loc 1 330 3 is_stmt 1 view .LVU107
 331:USB_DEVICE/App/usbd_desc.c **** 
 486              		.loc 1 331 1 is_stmt 0 view .LVU108
 487 000e 0348     		ldr	r0, .L47
 488 0010 08BD     		pop	{r3, pc}
 489              	.LVL43:
 490              	.L44:
 328:USB_DEVICE/App/usbd_desc.c ****   }
 491              		.loc 1 328 5 is_stmt 1 view .LVU109
 492 0012 0249     		ldr	r1, .L47
 493              	.LVL44:
 328:USB_DEVICE/App/usbd_desc.c ****   }
 494              		.loc 1 328 5 is_stmt 0 view .LVU110
 495 0014 0248     		ldr	r0, .L47+4
 496              	.LVL45:
 328:USB_DEVICE/App/usbd_desc.c ****   }
 497              		.loc 1 328 5 view .LVU111
 498 0016 FFF7FEFF 		bl	USBD_GetString
 499              	.LVL46:
 328:USB_DEVICE/App/usbd_desc.c ****   }
 500              		.loc 1 328 5 view .LVU112
 501 001a F8E7     		b	.L45
 502              	.L48:
 503              		.align	2
 504              	.L47:
 505 001c 00000000 		.word	USBD_StrDesc
 506 0020 00000000 		.word	.LC3
 507              		.cfi_endproc
ARM GAS  C:\Users\jonar\AppData\Local\Temp\cct51vJj.s 			page 18


 508              	.LFE74:
 510              		.global	USBD_StringSerial
 511              		.section	.data.USBD_StringSerial,"aw"
 512              		.align	2
 515              	USBD_StringSerial:
 516 0000 1A0300   		.ascii	"\032\003\000"
 517 0003 00000000 		.space	23
 517      00000000 
 517      00000000 
 517      00000000 
 517      00000000 
 518              		.global	USBD_StrDesc
 519              		.section	.bss.USBD_StrDesc,"aw",%nobits
 520              		.align	2
 523              	USBD_StrDesc:
 524 0000 00000000 		.space	512
 524      00000000 
 524      00000000 
 524      00000000 
 524      00000000 
 525              		.global	USBD_LangIDDesc
 526              		.section	.data.USBD_LangIDDesc,"aw"
 527              		.align	2
 530              	USBD_LangIDDesc:
 531 0000 04030904 		.ascii	"\004\003\011\004"
 532              		.global	USBD_FS_DeviceDesc
 533              		.section	.data.USBD_FS_DeviceDesc,"aw"
 534              		.align	2
 537              	USBD_FS_DeviceDesc:
 538 0000 12010002 		.ascii	"\022\001\000\002\000\000\000@\011\022\216\002\000\002"
 538      00000040 
 538      09128E02 
 538      0002
 539 000e 01020301 		.ascii	"\001\002\003\001"
 540              		.global	FS_Desc
 541              		.section	.data.FS_Desc,"aw"
 542              		.align	2
 545              	FS_Desc:
 546 0000 00000000 		.word	USBD_FS_DeviceDescriptor
 547 0004 00000000 		.word	USBD_FS_LangIDStrDescriptor
 548 0008 00000000 		.word	USBD_FS_ManufacturerStrDescriptor
 549 000c 00000000 		.word	USBD_FS_ProductStrDescriptor
 550 0010 00000000 		.word	USBD_FS_SerialStrDescriptor
 551 0014 00000000 		.word	USBD_FS_ConfigStrDescriptor
 552 0018 00000000 		.word	USBD_FS_InterfaceStrDescriptor
 553              		.text
 554              	.Letext0:
 555              		.file 2 "C:/msys64/mingw64/arm-none-eabi/include/machine/_default_types.h"
 556              		.file 3 "C:/msys64/mingw64/arm-none-eabi/include/sys/_stdint.h"
 557              		.file 4 "Middlewares/ST/STM32_USB_Device_Library/Core/Inc/usbd_def.h"
 558              		.file 5 "USB_DEVICE/App/usbd_desc.h"
 559              		.file 6 "Middlewares/ST/STM32_USB_Device_Library/Core/Inc/usbd_ctlreq.h"
ARM GAS  C:\Users\jonar\AppData\Local\Temp\cct51vJj.s 			page 19


DEFINED SYMBOLS
                            *ABS*:00000000 usbd_desc.c
C:\Users\jonar\AppData\Local\Temp\cct51vJj.s:19     .text.USBD_FS_DeviceDescriptor:00000000 $t
C:\Users\jonar\AppData\Local\Temp\cct51vJj.s:25     .text.USBD_FS_DeviceDescriptor:00000000 USBD_FS_DeviceDescriptor
C:\Users\jonar\AppData\Local\Temp\cct51vJj.s:47     .text.USBD_FS_DeviceDescriptor:00000008 $d
C:\Users\jonar\AppData\Local\Temp\cct51vJj.s:537    .data.USBD_FS_DeviceDesc:00000000 USBD_FS_DeviceDesc
C:\Users\jonar\AppData\Local\Temp\cct51vJj.s:52     .text.USBD_FS_LangIDStrDescriptor:00000000 $t
C:\Users\jonar\AppData\Local\Temp\cct51vJj.s:58     .text.USBD_FS_LangIDStrDescriptor:00000000 USBD_FS_LangIDStrDescriptor
C:\Users\jonar\AppData\Local\Temp\cct51vJj.s:80     .text.USBD_FS_LangIDStrDescriptor:00000008 $d
C:\Users\jonar\AppData\Local\Temp\cct51vJj.s:530    .data.USBD_LangIDDesc:00000000 USBD_LangIDDesc
C:\Users\jonar\AppData\Local\Temp\cct51vJj.s:85     .text.IntToUnicode:00000000 $t
C:\Users\jonar\AppData\Local\Temp\cct51vJj.s:90     .text.IntToUnicode:00000000 IntToUnicode
C:\Users\jonar\AppData\Local\Temp\cct51vJj.s:165    .text.Get_SerialNum:00000000 $t
C:\Users\jonar\AppData\Local\Temp\cct51vJj.s:170    .text.Get_SerialNum:00000000 Get_SerialNum
C:\Users\jonar\AppData\Local\Temp\cct51vJj.s:229    .text.Get_SerialNum:00000030 $d
C:\Users\jonar\AppData\Local\Temp\cct51vJj.s:515    .data.USBD_StringSerial:00000000 USBD_StringSerial
C:\Users\jonar\AppData\Local\Temp\cct51vJj.s:235    .text.USBD_FS_SerialStrDescriptor:00000000 $t
C:\Users\jonar\AppData\Local\Temp\cct51vJj.s:241    .text.USBD_FS_SerialStrDescriptor:00000000 USBD_FS_SerialStrDescriptor
C:\Users\jonar\AppData\Local\Temp\cct51vJj.s:269    .text.USBD_FS_SerialStrDescriptor:00000010 $d
C:\Users\jonar\AppData\Local\Temp\cct51vJj.s:274    .rodata.USBD_FS_ProductStrDescriptor.str1.4:00000000 $d
C:\Users\jonar\AppData\Local\Temp\cct51vJj.s:278    .text.USBD_FS_ProductStrDescriptor:00000000 $t
C:\Users\jonar\AppData\Local\Temp\cct51vJj.s:284    .text.USBD_FS_ProductStrDescriptor:00000000 USBD_FS_ProductStrDescriptor
C:\Users\jonar\AppData\Local\Temp\cct51vJj.s:331    .text.USBD_FS_ProductStrDescriptor:0000001c $d
C:\Users\jonar\AppData\Local\Temp\cct51vJj.s:523    .bss.USBD_StrDesc:00000000 USBD_StrDesc
C:\Users\jonar\AppData\Local\Temp\cct51vJj.s:337    .rodata.USBD_FS_ManufacturerStrDescriptor.str1.4:00000000 $d
C:\Users\jonar\AppData\Local\Temp\cct51vJj.s:341    .text.USBD_FS_ManufacturerStrDescriptor:00000000 $t
C:\Users\jonar\AppData\Local\Temp\cct51vJj.s:347    .text.USBD_FS_ManufacturerStrDescriptor:00000000 USBD_FS_ManufacturerStrDescriptor
C:\Users\jonar\AppData\Local\Temp\cct51vJj.s:379    .text.USBD_FS_ManufacturerStrDescriptor:00000014 $d
C:\Users\jonar\AppData\Local\Temp\cct51vJj.s:385    .rodata.USBD_FS_ConfigStrDescriptor.str1.4:00000000 $d
C:\Users\jonar\AppData\Local\Temp\cct51vJj.s:389    .text.USBD_FS_ConfigStrDescriptor:00000000 $t
C:\Users\jonar\AppData\Local\Temp\cct51vJj.s:395    .text.USBD_FS_ConfigStrDescriptor:00000000 USBD_FS_ConfigStrDescriptor
C:\Users\jonar\AppData\Local\Temp\cct51vJj.s:442    .text.USBD_FS_ConfigStrDescriptor:0000001c $d
C:\Users\jonar\AppData\Local\Temp\cct51vJj.s:448    .rodata.USBD_FS_InterfaceStrDescriptor.str1.4:00000000 $d
C:\Users\jonar\AppData\Local\Temp\cct51vJj.s:452    .text.USBD_FS_InterfaceStrDescriptor:00000000 $t
C:\Users\jonar\AppData\Local\Temp\cct51vJj.s:458    .text.USBD_FS_InterfaceStrDescriptor:00000000 USBD_FS_InterfaceStrDescriptor
C:\Users\jonar\AppData\Local\Temp\cct51vJj.s:505    .text.USBD_FS_InterfaceStrDescriptor:0000001c $d
C:\Users\jonar\AppData\Local\Temp\cct51vJj.s:512    .data.USBD_StringSerial:00000000 $d
C:\Users\jonar\AppData\Local\Temp\cct51vJj.s:520    .bss.USBD_StrDesc:00000000 $d
C:\Users\jonar\AppData\Local\Temp\cct51vJj.s:527    .data.USBD_LangIDDesc:00000000 $d
C:\Users\jonar\AppData\Local\Temp\cct51vJj.s:534    .data.USBD_FS_DeviceDesc:00000000 $d
C:\Users\jonar\AppData\Local\Temp\cct51vJj.s:545    .data.FS_Desc:00000000 FS_Desc
C:\Users\jonar\AppData\Local\Temp\cct51vJj.s:542    .data.FS_Desc:00000000 $d

UNDEFINED SYMBOLS
USBD_GetString
